// Jest Snapshot v1, https://goo.gl/fbAQLP

exports[`TimePicker TimePicker baseVue demo works fine 1`] = `
<div
  class="tdesign-demo-block"
>
  
  <div
    class="t-time-picker__group t-time-picker t-size-m demos"
  >
    <div
      class="t-input__wrap"
    >
      <div
        class="t-input t-input--suffix"
      >
        <!---->
        <!---->
        <input
          class="t-input__inner"
          placeholder=" "
          type="text"
        />
        <!---->
        <!---->
        <span
          class="t-input__suffix t-input__suffix-icon"
        >
          
          <svg
            class="t-icon t-icon-time"
            fill="none"
            height="1em"
            viewBox="0 0 16 16"
            width="1em"
          >
            <path
              d="M7.5 4v4.39L10 11l.7-.7-2.2-2.33V4h-1z"
              fill="currentColor"
              fill-opacity="0.9"
            />
            <path
              d="M15 8A7 7 0 111 8a7 7 0 0114 0zm-1 0A6 6 0 102 8a6 6 0 0012 0z"
              fill="currentColor"
              fill-opacity="0.9"
            />
          </svg>
          
        </span>
      </div>
      <!---->
    </div>
    <div
      class="t-time-picker__input"
      size="medium"
      steps="1,1,1"
    >
      
      <span
        class="t-time-picker__input-item"
      >
        <input
          class="t-time-picker__input-item-input"
          disabled=""
        />
      </span>
      <span
        class="t-time-picker__input-item"
      >
        :
        <input
          class="t-time-picker__input-item-input"
          disabled=""
        />
      </span>
      <span
        class="t-time-picker__input-item"
      >
        :
        <input
          class="t-time-picker__input-item-input"
          disabled=""
        />
      </span>
      
    </div>
  </div>
  <!---->
  
  
  <div
    class="t-time-picker__group t-time-picker t-size-m demos"
  >
    <div
      class="t-input__wrap"
    >
      <div
        class="t-input t-input--suffix"
      >
        <!---->
        <!---->
        <input
          class="t-input__inner"
          placeholder=" "
          type="text"
        />
        <!---->
        <!---->
        <span
          class="t-input__suffix t-input__suffix-icon"
        >
          
          <svg
            class="t-icon t-icon-time"
            fill="none"
            height="1em"
            viewBox="0 0 16 16"
            width="1em"
          >
            <path
              d="M7.5 4v4.39L10 11l.7-.7-2.2-2.33V4h-1z"
              fill="currentColor"
              fill-opacity="0.9"
            />
            <path
              d="M15 8A7 7 0 111 8a7 7 0 0114 0zm-1 0A6 6 0 102 8a6 6 0 0012 0z"
              fill="currentColor"
              fill-opacity="0.9"
            />
          </svg>
          
        </span>
      </div>
      <!---->
    </div>
    <div
      class="t-time-picker__input"
      size="medium"
      steps="1,1,1"
    >
      
      <span
        class="t-time-picker__input-item"
      >
        <input
          class="t-time-picker__input-item-input"
          disabled=""
        />
      </span>
      <span
        class="t-time-picker__input-item"
      >
        :
        <input
          class="t-time-picker__input-item-input"
          disabled=""
        />
      </span>
      <span
        class="t-time-picker__input-item"
      >
        :
        <input
          class="t-time-picker__input-item-input"
          disabled=""
        />
      </span>
      
    </div>
  </div>
  <!---->
  
</div>
`;

exports[`TimePicker TimePicker clearableVue demo works fine 1`] = `
<div
  class="tdesign-demo-block"
>
  <h3>
    具备清空按钮
  </h3>
  
  <div
    class="t-time-picker__group t-time-picker t-size-m"
  >
    <div
      class="t-input__wrap"
    >
      <div
        class="t-input t-input--suffix"
      >
        <!---->
        <!---->
        <input
          class="t-input__inner"
          placeholder=" "
          type="text"
        />
        <!---->
        <!---->
        <span
          class="t-input__suffix t-input__suffix-icon"
        >
          
          <svg
            class="t-icon t-icon-time"
            fill="none"
            height="1em"
            viewBox="0 0 16 16"
            width="1em"
          >
            <path
              d="M7.5 4v4.39L10 11l.7-.7-2.2-2.33V4h-1z"
              fill="currentColor"
              fill-opacity="0.9"
            />
            <path
              d="M15 8A7 7 0 111 8a7 7 0 0114 0zm-1 0A6 6 0 102 8a6 6 0 0012 0z"
              fill="currentColor"
              fill-opacity="0.9"
            />
          </svg>
          
        </span>
      </div>
      <!---->
    </div>
    <div
      class="t-time-picker__input"
      size="medium"
      steps="1,1,1"
    >
      
      <span
        class="t-time-picker__input-item"
      >
        <input
          class="t-time-picker__input-item-input"
          disabled=""
        />
      </span>
      <span
        class="t-time-picker__input-item"
      >
        :
        <input
          class="t-time-picker__input-item-input"
          disabled=""
        />
      </span>
      <span
        class="t-time-picker__input-item"
      >
        :
        <input
          class="t-time-picker__input-item-input"
          disabled=""
        />
      </span>
      
    </div>
  </div>
  <!---->
  
  <h3>
    禁止清空按钮
  </h3>
  
  <div
    class="t-time-picker__group t-time-picker t-size-m"
  >
    <div
      class="t-input__wrap"
    >
      <div
        class="t-input t-input--suffix"
      >
        <!---->
        <!---->
        <input
          class="t-input__inner"
          placeholder=" "
          type="text"
        />
        <!---->
        <!---->
        <span
          class="t-input__suffix t-input__suffix-icon"
        >
          
          <svg
            class="t-icon t-icon-time"
            fill="none"
            height="1em"
            viewBox="0 0 16 16"
            width="1em"
          >
            <path
              d="M7.5 4v4.39L10 11l.7-.7-2.2-2.33V4h-1z"
              fill="currentColor"
              fill-opacity="0.9"
            />
            <path
              d="M15 8A7 7 0 111 8a7 7 0 0114 0zm-1 0A6 6 0 102 8a6 6 0 0012 0z"
              fill="currentColor"
              fill-opacity="0.9"
            />
          </svg>
          
        </span>
      </div>
      <!---->
    </div>
    <div
      class="t-time-picker__input"
      size="medium"
      steps="1,1,1"
    >
      
      <span
        class="t-time-picker__input-item"
      >
        <input
          class="t-time-picker__input-item-input"
          disabled=""
        />
      </span>
      <span
        class="t-time-picker__input-item"
      >
        :
        <input
          class="t-time-picker__input-item-input"
          disabled=""
        />
      </span>
      <span
        class="t-time-picker__input-item"
      >
        :
        <input
          class="t-time-picker__input-item-input"
          disabled=""
        />
      </span>
      
    </div>
  </div>
  <!---->
  
</div>
`;

exports[`TimePicker TimePicker disabledVue demo works fine 1`] = `
<div
  class="tdesign-demo-block"
>
  
  <div
    class="t-time-picker__group t-time-picker t-size-m"
  >
    <div
      class="t-input__wrap"
    >
      <div
        class="t-input t-is-disabled t-input--suffix"
      >
        <!---->
        <!---->
        <input
          class="t-input__inner"
          disabled=""
          placeholder=" "
          type="text"
        />
        <!---->
        <!---->
        <span
          class="t-input__suffix t-input__suffix-icon"
        >
          
          <svg
            class="t-icon t-icon-time"
            fill="none"
            height="1em"
            viewBox="0 0 16 16"
            width="1em"
          >
            <path
              d="M7.5 4v4.39L10 11l.7-.7-2.2-2.33V4h-1z"
              fill="currentColor"
              fill-opacity="0.9"
            />
            <path
              d="M15 8A7 7 0 111 8a7 7 0 0114 0zm-1 0A6 6 0 102 8a6 6 0 0012 0z"
              fill="currentColor"
              fill-opacity="0.9"
            />
          </svg>
          
        </span>
      </div>
      <!---->
    </div>
    <div
      class="t-time-picker__input"
      size="medium"
      steps="1,1,1"
    >
      
      <span
        class="t-time-picker__input-item t-time-picker__input-item-disabled"
      >
        <input
          class="t-time-picker__input-item-input"
          disabled=""
        />
      </span>
      <span
        class="t-time-picker__input-item t-time-picker__input-item-disabled"
      >
        :
        <input
          class="t-time-picker__input-item-input"
          disabled=""
        />
      </span>
      <span
        class="t-time-picker__input-item t-time-picker__input-item-disabled"
      >
        :
        <input
          class="t-time-picker__input-item-input"
          disabled=""
        />
      </span>
      
    </div>
  </div>
  <!---->
  
</div>
`;

exports[`TimePicker TimePicker formatVue demo works fine 1`] = `
<div
  class="tdesign-demo-block"
>
  
  <div
    class="t-time-picker__group t-time-picker t-size-m demos"
  >
    <div
      class="t-input__wrap"
    >
      <div
        class="t-input t-input--suffix"
      >
        <!---->
        <!---->
        <input
          class="t-input__inner"
          placeholder=" "
          type="text"
        />
        <!---->
        <!---->
        <span
          class="t-input__suffix t-input__suffix-icon"
        >
          
          <svg
            class="t-icon t-icon-time"
            fill="none"
            height="1em"
            viewBox="0 0 16 16"
            width="1em"
          >
            <path
              d="M7.5 4v4.39L10 11l.7-.7-2.2-2.33V4h-1z"
              fill="currentColor"
              fill-opacity="0.9"
            />
            <path
              d="M15 8A7 7 0 111 8a7 7 0 0114 0zm-1 0A6 6 0 102 8a6 6 0 0012 0z"
              fill="currentColor"
              fill-opacity="0.9"
            />
          </svg>
          
        </span>
      </div>
      <!---->
    </div>
    <div
      class="t-time-picker__input"
      size="medium"
      steps="1,1,1"
    >
      
      <span
        class="t-time-picker__input-item"
      >
        <input
          class="t-time-picker__input-item-input"
          disabled=""
        />
      </span>
      <span
        class="t-time-picker__input-item"
      >
        :
        <input
          class="t-time-picker__input-item-input"
          disabled=""
        />
      </span>
      <span
        class="t-time-picker__input-item"
      >
        :
        <input
          class="t-time-picker__input-item-input"
          disabled=""
        />
      </span>
      <span
        class="t-time-picker__input-item"
      >
        <input
          class="t-time-picker__input-item-input t-time-picker__input-item-input-meridiem"
          disabled=""
          readonly=""
        />
      </span>
      
    </div>
  </div>
  <!---->
  
</div>
`;

exports[`TimePicker TimePicker hideClearButtonVue demo works fine 1`] = `
<div
  class="tdesign-demo-block"
>
  <h3>
    具备清空按钮
  </h3>
  
  <div
    class="t-time-picker__group t-time-picker t-size-m"
  >
    <div
      class="t-input__wrap"
    >
      <div
        class="t-input t-input--suffix"
      >
        <!---->
        <!---->
        <input
          class="t-input__inner"
          placeholder=" "
          type="text"
        />
        <!---->
        <!---->
        <span
          class="t-input__suffix t-input__suffix-icon"
        >
          
          <svg
            class="t-icon t-icon-time"
            fill="none"
            height="1em"
            viewBox="0 0 16 16"
            width="1em"
          >
            <path
              d="M7.5 4v4.39L10 11l.7-.7-2.2-2.33V4h-1z"
              fill="currentColor"
              fill-opacity="0.9"
            />
            <path
              d="M15 8A7 7 0 111 8a7 7 0 0114 0zm-1 0A6 6 0 102 8a6 6 0 0012 0z"
              fill="currentColor"
              fill-opacity="0.9"
            />
          </svg>
          
        </span>
      </div>
      <!---->
    </div>
    <div
      class="t-time-picker__input"
      size="medium"
      steps="1,1,1"
    >
      
      <span
        class="t-time-picker__input-item"
      >
        <input
          class="t-time-picker__input-item-input"
          disabled=""
        />
      </span>
      <span
        class="t-time-picker__input-item"
      >
        :
        <input
          class="t-time-picker__input-item-input"
          disabled=""
        />
      </span>
      <span
        class="t-time-picker__input-item"
      >
        :
        <input
          class="t-time-picker__input-item-input"
          disabled=""
        />
      </span>
      
    </div>
  </div>
  <!---->
  
  <h3>
    禁止清空按钮
  </h3>
  
  <div
    class="t-time-picker__group t-time-picker t-size-m"
  >
    <div
      class="t-input__wrap"
    >
      <div
        class="t-input t-input--suffix"
      >
        <!---->
        <!---->
        <input
          class="t-input__inner"
          placeholder=" "
          type="text"
        />
        <!---->
        <!---->
        <span
          class="t-input__suffix t-input__suffix-icon"
        >
          
          <svg
            class="t-icon t-icon-time"
            fill="none"
            height="1em"
            viewBox="0 0 16 16"
            width="1em"
          >
            <path
              d="M7.5 4v4.39L10 11l.7-.7-2.2-2.33V4h-1z"
              fill="currentColor"
              fill-opacity="0.9"
            />
            <path
              d="M15 8A7 7 0 111 8a7 7 0 0114 0zm-1 0A6 6 0 102 8a6 6 0 0012 0z"
              fill="currentColor"
              fill-opacity="0.9"
            />
          </svg>
          
        </span>
      </div>
      <!---->
    </div>
    <div
      class="t-time-picker__input"
      size="medium"
      steps="1,1,1"
    >
      <span
        class="t-time-picker__input-placeholder"
      >
        选择时间
      </span>
    </div>
  </div>
  <!---->
  
</div>
`;

exports[`TimePicker TimePicker hmVue demo works fine 1`] = `
<div
  class="tdesign-demo-block"
>
  
  <div
    class="t-time-picker__group t-time-picker t-size-m"
  >
    <div
      class="t-input__wrap"
    >
      <div
        class="t-input t-input--suffix"
      >
        <!---->
        <!---->
        <input
          class="t-input__inner"
          placeholder=" "
          type="text"
        />
        <!---->
        <!---->
        <span
          class="t-input__suffix t-input__suffix-icon"
        >
          
          <svg
            class="t-icon t-icon-time"
            fill="none"
            height="1em"
            viewBox="0 0 16 16"
            width="1em"
          >
            <path
              d="M7.5 4v4.39L10 11l.7-.7-2.2-2.33V4h-1z"
              fill="currentColor"
              fill-opacity="0.9"
            />
            <path
              d="M15 8A7 7 0 111 8a7 7 0 0114 0zm-1 0A6 6 0 102 8a6 6 0 0012 0z"
              fill="currentColor"
              fill-opacity="0.9"
            />
          </svg>
          
        </span>
      </div>
      <!---->
    </div>
    <div
      class="t-time-picker__input"
      size="medium"
      steps="1,1,1"
    >
      <span
        class="t-time-picker__input-placeholder"
      >
        选择时间
      </span>
    </div>
  </div>
  <!---->
  
</div>
`;

exports[`TimePicker TimePicker hmsVue demo works fine 1`] = `
<div
  class="tdesign-demo-block"
>
  
  <div
    class="t-time-picker__group t-time-picker t-size-m"
  >
    <div
      class="t-input__wrap"
    >
      <div
        class="t-input t-input--suffix"
      >
        <!---->
        <!---->
        <input
          class="t-input__inner"
          placeholder=" "
          type="text"
        />
        <!---->
        <!---->
        <span
          class="t-input__suffix t-input__suffix-icon"
        >
          
          <svg
            class="t-icon t-icon-time"
            fill="none"
            height="1em"
            viewBox="0 0 16 16"
            width="1em"
          >
            <path
              d="M7.5 4v4.39L10 11l.7-.7-2.2-2.33V4h-1z"
              fill="currentColor"
              fill-opacity="0.9"
            />
            <path
              d="M15 8A7 7 0 111 8a7 7 0 0114 0zm-1 0A6 6 0 102 8a6 6 0 0012 0z"
              fill="currentColor"
              fill-opacity="0.9"
            />
          </svg>
          
        </span>
      </div>
      <!---->
    </div>
    <div
      class="t-time-picker__input"
      size="medium"
      steps="1,1,1"
    >
      
      <span
        class="t-time-picker__input-item"
      >
        <input
          class="t-time-picker__input-item-input"
          disabled=""
        />
      </span>
      <span
        class="t-time-picker__input-item"
      >
        :
        <input
          class="t-time-picker__input-item-input"
          disabled=""
        />
      </span>
      <span
        class="t-time-picker__input-item"
      >
        :
        <input
          class="t-time-picker__input-item-input"
          disabled=""
        />
      </span>
      
    </div>
  </div>
  <!---->
  
</div>
`;

exports[`TimePicker TimePicker keyboardVue demo works fine 1`] = `
<div
  class="tdesign-demo-block"
>
  <h3>
    允许输入
  </h3>
  
  <div
    class="t-time-picker__group t-time-picker t-size-m"
  >
    <div
      class="t-input__wrap"
    >
      <div
        class="t-input t-input--suffix"
      >
        <!---->
        <!---->
        <input
          class="t-input__inner"
          placeholder=" "
          type="text"
        />
        <!---->
        <!---->
        <span
          class="t-input__suffix t-input__suffix-icon"
        >
          
          <svg
            class="t-icon t-icon-time"
            fill="none"
            height="1em"
            viewBox="0 0 16 16"
            width="1em"
          >
            <path
              d="M7.5 4v4.39L10 11l.7-.7-2.2-2.33V4h-1z"
              fill="currentColor"
              fill-opacity="0.9"
            />
            <path
              d="M15 8A7 7 0 111 8a7 7 0 0114 0zm-1 0A6 6 0 102 8a6 6 0 0012 0z"
              fill="currentColor"
              fill-opacity="0.9"
            />
          </svg>
          
        </span>
      </div>
      <!---->
    </div>
    <div
      class="t-time-picker__input"
      size="medium"
      steps="1,1,1"
    >
      
      <span
        class="t-time-picker__input-item"
      >
        <input
          class="t-time-picker__input-item-input"
        />
      </span>
      <span
        class="t-time-picker__input-item"
      >
        :
        <input
          class="t-time-picker__input-item-input"
        />
      </span>
      <span
        class="t-time-picker__input-item"
      >
        :
        <input
          class="t-time-picker__input-item-input"
        />
      </span>
      
    </div>
  </div>
  <!---->
  
  <h3>
    禁止输入
  </h3>
  
  <div
    class="t-time-picker__group t-time-picker t-size-m"
  >
    <div
      class="t-input__wrap"
    >
      <div
        class="t-input t-input--suffix"
      >
        <!---->
        <!---->
        <input
          class="t-input__inner"
          placeholder=" "
          type="text"
        />
        <!---->
        <!---->
        <span
          class="t-input__suffix t-input__suffix-icon"
        >
          
          <svg
            class="t-icon t-icon-time"
            fill="none"
            height="1em"
            viewBox="0 0 16 16"
            width="1em"
          >
            <path
              d="M7.5 4v4.39L10 11l.7-.7-2.2-2.33V4h-1z"
              fill="currentColor"
              fill-opacity="0.9"
            />
            <path
              d="M15 8A7 7 0 111 8a7 7 0 0114 0zm-1 0A6 6 0 102 8a6 6 0 0012 0z"
              fill="currentColor"
              fill-opacity="0.9"
            />
          </svg>
          
        </span>
      </div>
      <!---->
    </div>
    <div
      class="t-time-picker__input"
      size="medium"
      steps="1,1,1"
    >
      
      <span
        class="t-time-picker__input-item"
      >
        <input
          class="t-time-picker__input-item-input"
          disabled=""
        />
      </span>
      <span
        class="t-time-picker__input-item"
      >
        :
        <input
          class="t-time-picker__input-item-input"
          disabled=""
        />
      </span>
      <span
        class="t-time-picker__input-item"
      >
        :
        <input
          class="t-time-picker__input-item-input"
          disabled=""
        />
      </span>
      
    </div>
  </div>
  <!---->
  
</div>
`;

exports[`TimePicker TimePicker rangeVue demo works fine 1`] = `
<div
  class="tdesign-demo-block"
>
  
  <div
    class="t-time-picker__group t-time-picker t-size-m demos"
  >
    <div
      class="t-input__wrap"
    >
      <div
        class="t-input"
      >
        <!---->
        <!---->
        <input
          class="t-input__inner"
          placeholder=" "
          type="text"
        />
        <!---->
        <!---->
        <!---->
      </div>
      <!---->
    </div>
    <div
      class="t-time-picker__input"
      size="medium"
      steps="1,1,1"
    >
      
      <span
        class="t-time-picker__input-item"
      >
        <input
          class="t-time-picker__input-item-input"
        />
      </span>
      <span
        class="t-time-picker__input-item"
      >
        :
        <input
          class="t-time-picker__input-item-input"
        />
      </span>
      <span
        class="t-time-picker__input-item"
      >
        :
        <input
          class="t-time-picker__input-item-input"
        />
      </span>
      -
      <span
        class="t-time-picker__input-item"
      >
        <input
          class="t-time-picker__input-item-input"
        />
      </span>
      <span
        class="t-time-picker__input-item"
      >
        :
        <input
          class="t-time-picker__input-item-input"
        />
      </span>
      <span
        class="t-time-picker__input-item"
      >
        :
        <input
          class="t-time-picker__input-item-input"
        />
      </span>
      
    </div>
  </div>
  <!---->
  
</div>
`;

exports[`TimePicker TimePicker showStepsVue demo works fine 1`] = `
<div
  class="tdesign-demo-block"
>
  
  <div
    class="t-time-picker__group t-time-picker t-size-m"
  >
    <div
      class="t-input__wrap"
    >
      <div
        class="t-input t-input--suffix"
      >
        <!---->
        <!---->
        <input
          class="t-input__inner"
          placeholder=" "
          type="text"
        />
        <!---->
        <!---->
        <span
          class="t-input__suffix t-input__suffix-icon"
        >
          
          <svg
            class="t-icon t-icon-time"
            fill="none"
            height="1em"
            viewBox="0 0 16 16"
            width="1em"
          >
            <path
              d="M7.5 4v4.39L10 11l.7-.7-2.2-2.33V4h-1z"
              fill="currentColor"
              fill-opacity="0.9"
            />
            <path
              d="M15 8A7 7 0 111 8a7 7 0 0114 0zm-1 0A6 6 0 102 8a6 6 0 0012 0z"
              fill="currentColor"
              fill-opacity="0.9"
            />
          </svg>
          
        </span>
      </div>
      <!---->
    </div>
    <div
      class="t-time-picker__input"
      size="medium"
      steps="1,2,3"
    >
      <span
        class="t-time-picker__input-placeholder"
      >
        选择时间
      </span>
    </div>
  </div>
  <!---->
  
</div>
`;

exports[`TimePicker TimePicker stepVue demo works fine 1`] = `
<div
  class="tdesign-demo-block"
>
  
  <div
    class="t-time-picker__group t-time-picker t-size-m"
  >
    <div
      class="t-input__wrap"
    >
      <div
        class="t-input t-input--suffix"
      >
        <!---->
        <!---->
        <input
          class="t-input__inner"
          placeholder=" "
          type="text"
        />
        <!---->
        <!---->
        <span
          class="t-input__suffix t-input__suffix-icon"
        >
          
          <svg
            class="t-icon t-icon-time"
            fill="none"
            height="1em"
            viewBox="0 0 16 16"
            width="1em"
          >
            <path
              d="M7.5 4v4.39L10 11l.7-.7-2.2-2.33V4h-1z"
              fill="currentColor"
              fill-opacity="0.9"
            />
            <path
              d="M15 8A7 7 0 111 8a7 7 0 0114 0zm-1 0A6 6 0 102 8a6 6 0 0012 0z"
              fill="currentColor"
              fill-opacity="0.9"
            />
          </svg>
          
        </span>
      </div>
      <!---->
    </div>
    <div
      class="t-time-picker__input"
      size="medium"
      steps="1,2,3"
    >
      
      <span
        class="t-time-picker__input-item"
      >
        <input
          class="t-time-picker__input-item-input"
          disabled=""
        />
      </span>
      <span
        class="t-time-picker__input-item"
      >
        :
        <input
          class="t-time-picker__input-item-input"
          disabled=""
        />
      </span>
      <span
        class="t-time-picker__input-item"
      >
        :
        <input
          class="t-time-picker__input-item-input"
          disabled=""
        />
      </span>
      
    </div>
  </div>
  <!---->
  
</div>
`;

exports[`TimePicker TimePicker twelveHourMeridianVue demo works fine 1`] = `
<div
  class="tdesign-demo-block"
>
  
  <div
    class="t-time-picker__group t-time-picker t-size-m"
  >
    <div
      class="t-input__wrap"
    >
      <div
        class="t-input t-input--suffix"
      >
        <!---->
        <!---->
        <input
          class="t-input__inner"
          placeholder=" "
          type="text"
        />
        <!---->
        <!---->
        <span
          class="t-input__suffix t-input__suffix-icon"
        >
          
          <svg
            class="t-icon t-icon-time"
            fill="none"
            height="1em"
            viewBox="0 0 16 16"
            width="1em"
          >
            <path
              d="M7.5 4v4.39L10 11l.7-.7-2.2-2.33V4h-1z"
              fill="currentColor"
              fill-opacity="0.9"
            />
            <path
              d="M15 8A7 7 0 111 8a7 7 0 0114 0zm-1 0A6 6 0 102 8a6 6 0 0012 0z"
              fill="currentColor"
              fill-opacity="0.9"
            />
          </svg>
          
        </span>
      </div>
      <!---->
    </div>
    <div
      class="t-time-picker__input"
      size="medium"
      steps="1,1,1"
    >
      
      <span
        class="t-time-picker__input-item"
      >
        <input
          class="t-time-picker__input-item-input t-time-picker__input-item-input-meridiem"
          disabled=""
          readonly=""
        />
      </span>
      <span
        class="t-time-picker__input-item"
      >
        <input
          class="t-time-picker__input-item-input"
          disabled=""
        />
      </span>
      <span
        class="t-time-picker__input-item"
      >
        :
        <input
          class="t-time-picker__input-item-input"
          disabled=""
        />
      </span>
      <span
        class="t-time-picker__input-item"
      >
        :
        <input
          class="t-time-picker__input-item-input"
          disabled=""
        />
      </span>
      
    </div>
  </div>
  <!---->
  
</div>
`;

exports[`TimePicker TimePicker twelveHourVue demo works fine 1`] = `
<div
  class="tdesign-demo-block"
>
  
  <div
    class="t-time-picker__group t-time-picker t-size-m"
  >
    <div
      class="t-input__wrap"
    >
      <div
        class="t-input t-input--suffix"
      >
        <!---->
        <!---->
        <input
          class="t-input__inner"
          placeholder=" "
          type="text"
        />
        <!---->
        <!---->
        <span
          class="t-input__suffix t-input__suffix-icon"
        >
          
          <svg
            class="t-icon t-icon-time"
            fill="none"
            height="1em"
            viewBox="0 0 16 16"
            width="1em"
          >
            <path
              d="M7.5 4v4.39L10 11l.7-.7-2.2-2.33V4h-1z"
              fill="currentColor"
              fill-opacity="0.9"
            />
            <path
              d="M15 8A7 7 0 111 8a7 7 0 0114 0zm-1 0A6 6 0 102 8a6 6 0 0012 0z"
              fill="currentColor"
              fill-opacity="0.9"
            />
          </svg>
          
        </span>
      </div>
      <!---->
    </div>
    <div
      class="t-time-picker__input"
      size="medium"
      steps="1,1,1"
    >
      
      <span
        class="t-time-picker__input-item"
      >
        <input
          class="t-time-picker__input-item-input"
          disabled=""
        />
      </span>
      <span
        class="t-time-picker__input-item"
      >
        :
        <input
          class="t-time-picker__input-item-input"
          disabled=""
        />
      </span>
      <span
        class="t-time-picker__input-item"
      >
        :
        <input
          class="t-time-picker__input-item-input"
          disabled=""
        />
      </span>
      <span
        class="t-time-picker__input-item"
      >
        <input
          class="t-time-picker__input-item-input t-time-picker__input-item-input-meridiem"
          disabled=""
          readonly=""
        />
      </span>
      
    </div>
  </div>
  <!---->
  
</div>
`;
