// Vitest Snapshot v1

exports[`Image-viewer > :props > defaultVisible 1`] = `
<div
  data-v-app=""
>
  
  <!---->
  <!--teleport start-->
  <!--teleport end-->
  
</div>
`;

exports[`Image-viewer > :props > images, index, visible 1`] = `
<div
  data-v-app=""
>
  
  <!---->
  <!--teleport start-->
  <!--teleport end-->
  
</div>
`;
