// Vitest Snapshot v1

exports[`Form > @event > submit 1`] = `
{
  "firstError": "",
  "validateResult": true,
}
`;

exports[`Form > @event > validate 1`] = `
{
  "firstError": "姓名必填",
  "validateResult": {
    "age": [
      {
        "message": "age必填",
        "required": true,
        "result": false,
      },
    ],
    "name": [
      {
        "message": "姓名必填",
        "required": true,
        "result": false,
      },
    ],
  },
}
`;

exports[`Form > @event > validate 2`] = `
{
  "firstError": "姓名必填",
  "validateResult": {
    "age": [
      {
        "message": "age必填",
        "required": true,
        "result": false,
      },
    ],
    "name": [
      {
        "message": "姓名必填",
        "required": true,
        "result": false,
      },
    ],
  },
}
`;

exports[`Form > @event > validate 3`] = `
{
  "firstError": "age必填",
  "validateResult": {
    "age": [
      {
        "message": "age必填",
        "required": true,
        "result": false,
      },
    ],
  },
}
`;

exports[`Form > @event > validate 4`] = `
{
  "firstError": "",
  "validateResult": true,
}
`;

exports[`Form > function > clearValidate 1`] = `
[
  DOMWrapper {
    "isDisabled": [Function],
    "wrapperElement": <div
      class="t-input__extra"
      title="姓名必填"
    >
      姓名必填
    </div>,
  },
  DOMWrapper {
    "isDisabled": [Function],
    "wrapperElement": <div
      class="t-input__extra"
      title="age必填"
    >
      age必填
    </div>,
  },
]
`;

exports[`Form > function > clearValidate 2`] = `
[
  DOMWrapper {
    "isDisabled": [Function],
    "wrapperElement": <div
      class="t-input__extra"
      title="age必填"
    >
      age必填
    </div>,
  },
]
`;

exports[`Form > function > reset 1`] = `
[
  DOMWrapper {
    "isDisabled": [Function],
    "wrapperElement": <div
      class="t-input__extra"
      title="姓名必填"
    >
      姓名必填
    </div>,
  },
  DOMWrapper {
    "isDisabled": [Function],
    "wrapperElement": <div
      class="t-input__extra"
      title="age必填"
    >
      age必填
    </div>,
  },
]
`;

exports[`Form > function > reset 2`] = `
[
  DOMWrapper {
    "isDisabled": [Function],
    "wrapperElement": <div
      class="t-input__extra"
      title="姓名校验失败"
    >
      姓名校验失败
    </div>,
  },
  DOMWrapper {
    "isDisabled": [Function],
    "wrapperElement": <div
      class="t-input__extra"
      title="年龄校验失败"
    >
      年龄校验失败
    </div>,
  },
]
`;

exports[`Form > function > reset 3`] = `
[
  DOMWrapper {
    "isDisabled": [Function],
    "wrapperElement": <div
      class="t-input__extra"
      title="年龄校验失败"
    >
      年龄校验失败
    </div>,
  },
]
`;

exports[`Form > function > validate 1`] = `
{
  "age": [
    {
      "message": "age必填",
      "required": true,
      "result": false,
      "trigger": "blur",
    },
  ],
  "name": [
    {
      "message": "姓名必填",
      "required": true,
      "result": false,
      "trigger": "blur",
    },
  ],
}
`;

exports[`Form > function > validate 2`] = `
[
  DOMWrapper {
    "isDisabled": [Function],
    "wrapperElement": <div
      class="t-input__extra"
      title="姓名必填"
    >
      姓名必填
    </div>,
  },
  DOMWrapper {
    "isDisabled": [Function],
    "wrapperElement": <div
      class="t-input__extra"
      title="age必填"
    >
      age必填
    </div>,
  },
]
`;

exports[`Form > function > validate 3`] = `true`;

exports[`Form > function > validate 4`] = `
{
  "name": [
    {
      "message": "姓名校验失败",
      "result": false,
      "trigger": "blur",
      "validator": [Function],
    },
  ],
}
`;

exports[`Form > function > validate 5`] = `
{
  "age": [
    {
      "message": "年龄校验失败",
      "result": false,
      "trigger": "change",
      "validator": [Function],
    },
  ],
  "name": [
    {
      "message": "姓名校验失败",
      "result": false,
      "trigger": "blur",
      "validator": [Function],
    },
  ],
}
`;

exports[`Form > function > validate 6`] = `
{
  "name": [
    {
      "message": "姓名校验失败",
      "result": false,
      "trigger": "blur",
      "validator": [Function],
    },
  ],
}
`;

exports[`Form > function > validateOnly 1`] = `
{
  "age": [
    {
      "message": "age必填",
      "required": true,
      "result": false,
      "trigger": "blur",
    },
  ],
  "name": [
    {
      "message": "姓名必填",
      "required": true,
      "result": false,
      "trigger": "blur",
    },
  ],
}
`;

exports[`Form > function > validateOnly 2`] = `
[
  DOMWrapper {
    "isDisabled": [Function],
    "wrapperElement": <div
      class="t-input__extra"
      title="姓名必填"
    >
      姓名必填
    </div>,
  },
  DOMWrapper {
    "isDisabled": [Function],
    "wrapperElement": <div
      class="t-input__extra"
      title="age必填"
    >
      age必填
    </div>,
  },
]
`;

exports[`Form > function > validateOnly 3`] = `true`;

exports[`Form > function > validateOnly 4`] = `
[
  DOMWrapper {
    "isDisabled": [Function],
    "wrapperElement": <div
      class="t-input__extra"
      title="姓名必填"
    >
      姓名必填
    </div>,
  },
  DOMWrapper {
    "isDisabled": [Function],
    "wrapperElement": <div
      class="t-input__extra"
      title="age必填"
    >
      age必填
    </div>,
  },
]
`;

exports[`Form > function > validateOnly 5`] = `
{
  "name": [
    {
      "message": "姓名校验失败",
      "result": false,
      "trigger": "blur",
      "validator": [Function],
    },
  ],
}
`;

exports[`Form > function > validateOnly 6`] = `
{
  "name": [
    {
      "message": "姓名校验失败",
      "result": false,
      "trigger": "blur",
      "validator": [Function],
    },
  ],
}
`;
