// Vitest Snapshot v1

exports[`BackTop Component > props.content works fine 1`] = `
<button
  class="t-back-top t-back-top--theme-light t-back-top--square t-size-m"
  style="inset-inline-end: 24px; inset-block-end: 80px;"
  type="button"
>
  <span
    class="custom-node"
  >
    TNode
  </span>
</button>
`;

exports[`BackTop Component > props.default works fine 1`] = `
<button
  class="t-back-top t-back-top--theme-light t-back-top--square t-size-m"
  style="inset-inline-end: 24px; inset-block-end: 80px;"
  type="button"
>
  <span
    class="custom-node"
  >
    TNode
  </span>
</button>
`;

exports[`BackTop Component > props.shape is equal to circle 1`] = `
<button
  class="t-back-top t-back-top--theme-light t-back-top--circle t-size-m"
  style="inset-inline-end: 24px; inset-block-end: 80px;"
  type="button"
>
  
  <svg
    class="t-icon t-icon-backtop t-back-top__icon"
    fill="none"
    height="1em"
    viewBox="0 0 24 24"
    width="1em"
  >
    <path
      d="M4 4h16v2H4V4zm8 3.59l6.91 6.91-1.41 1.41-4.5-4.5V21h-2v-9.59l-4.5 4.5-1.41-1.41L12 7.59z"
      fill="currentColor"
    />
  </svg>
  <span
    class="t-back-top__text"
  >
    TOP
  </span>
  
</button>
`;

exports[`BackTop Component > props.shape is equal to square 1`] = `
<button
  class="t-back-top t-back-top--theme-light t-back-top--square t-size-m"
  style="inset-inline-end: 24px; inset-block-end: 80px;"
  type="button"
>
  
  <svg
    class="t-icon t-icon-backtop t-back-top__icon"
    fill="none"
    height="1em"
    viewBox="0 0 24 24"
    width="1em"
  >
    <path
      d="M4 4h16v2H4V4zm8 3.59l6.91 6.91-1.41 1.41-4.5-4.5V21h-2v-9.59l-4.5 4.5-1.41-1.41L12 7.59z"
      fill="currentColor"
    />
  </svg>
  <span
    class="t-back-top__text"
  >
    TOP
  </span>
  
</button>
`;

exports[`BackTop Component > props.size is equal to medium 1`] = `
<button
  class="t-back-top t-back-top--theme-light t-back-top--square t-size-m"
  style="inset-inline-end: 24px; inset-block-end: 80px;"
  type="button"
>
  
  BackTop
  
</button>
`;

exports[`BackTop Component > props.size is equal to small 1`] = `
<button
  class="t-back-top t-back-top--theme-light t-back-top--square t-size-s"
  style="inset-inline-end: 24px; inset-block-end: 80px;"
  type="button"
>
  
  BackTop
  
</button>
`;

exports[`BackTop Component > props.theme is equal to dark 1`] = `
<button
  class="t-back-top t-back-top--theme-dark t-back-top--square t-size-m"
  style="inset-inline-end: 24px; inset-block-end: 80px;"
  type="button"
>
  
  Text
  
</button>
`;

exports[`BackTop Component > props.theme is equal to light 1`] = `
<button
  class="t-back-top t-back-top--theme-light t-back-top--square t-size-m"
  style="inset-inline-end: 24px; inset-block-end: 80px;"
  type="button"
>
  
  Text
  
</button>
`;

exports[`BackTop Component > props.theme is equal to primary 1`] = `
<button
  class="t-back-top t-back-top--theme-primary t-back-top--square t-size-m"
  style="inset-inline-end: 24px; inset-block-end: 80px;"
  type="button"
>
  
  Text
  
</button>
`;

exports[`BackTop Component > slots.content works fine 1`] = `
<button
  class="t-back-top t-back-top--theme-light t-back-top--square t-size-m"
  style="inset-inline-end: 24px; inset-block-end: 80px;"
  type="button"
>
  
  <span
    class="custom-node"
  >
    TNode
  </span>
  
</button>
`;

exports[`BackTop Component > slots.default works fine 1`] = `
<button
  class="t-back-top t-back-top--theme-light t-back-top--square t-size-m"
  style="inset-inline-end: 24px; inset-block-end: 80px;"
  type="button"
>
  
  <span
    class="custom-node"
  >
    TNode
  </span>
  
</button>
`;
