// Vitest Snapshot v1

exports[`Button > Button baseVue demo works fine 1`] = `
<div
  class="tdesign-demo-block-row"
>
  <button
    class="t-button t-size-m t-button--variant-base t-button--theme-default"
    type="button"
  >
    <span
      class="t-button__text"
    >
      
       填充按钮 
      
    </span>
  </button>
  <button
    class="t-button t-size-m t-button--variant-outline t-button--theme-default"
    type="button"
  >
    <span
      class="t-button__text"
    >
      
       描边按钮 
      
    </span>
  </button>
  <button
    class="t-button t-size-m t-button--variant-dashed t-button--theme-default"
    type="button"
  >
    <span
      class="t-button__text"
    >
      
       虚框按钮 
      
    </span>
  </button>
  <button
    class="t-button t-size-m t-button--variant-text t-button--theme-default"
    type="button"
  >
    <span
      class="t-button__text"
    >
      
       文字按钮 
      
    </span>
  </button>
</div>
`;

exports[`Button > Button blockVue demo works fine 1`] = `
<div
  class="tdesign-demo-block-row"
  style="justify-content: center;"
>
  <div
    class="tdesign-demo-block-column"
    style="min-width: 320px; max-width: 640px;"
  >
    <button
      class="t-button t-size-m t-button--variant-base t-button--theme-primary t-size-full-width"
      type="button"
    >
      <span
        class="t-button__text"
      >
        
         填充按钮 
        
      </span>
    </button>
    <button
      class="t-button t-size-m t-button--variant-outline t-button--theme-default t-size-full-width"
      type="button"
    >
      <span
        class="t-button__text"
      >
        
         描边按钮 
        
      </span>
    </button>
    <button
      class="t-button t-size-m t-button--variant-dashed t-button--theme-default t-size-full-width"
      type="button"
    >
      <span
        class="t-button__text"
      >
        
         虚框按钮 
        
      </span>
    </button>
    <button
      class="t-button t-size-m t-button--variant-text t-button--theme-default t-size-full-width"
      type="button"
    >
      <span
        class="t-button__text"
      >
        
         文字按钮 
        
      </span>
    </button>
  </div>
</div>
`;

exports[`Button > Button ghostVue demo works fine 1`] = `
<div
  class="tdesign-demo-block-column"
>
  <div
    class="tdesign-demo-block-row"
  >
    <button
      class="t-button t-size-m t-button--variant-outline t-button--theme-default t-button--ghost"
      type="button"
    >
      <span
        class="t-button__text"
      >
        
         幽灵按钮 
        
      </span>
    </button>
    <button
      class="t-button t-size-m t-button--variant-dashed t-button--theme-default t-button--ghost"
      type="button"
    >
      <span
        class="t-button__text"
      >
        
         幽灵按钮 
        
      </span>
    </button>
    <button
      class="t-button t-size-m t-button--variant-text t-button--theme-default t-button--ghost"
      type="button"
    >
      <span
        class="t-button__text"
      >
        
         幽灵按钮 
        
      </span>
    </button>
  </div>
  <div
    class="tdesign-demo-block-row"
  >
    <button
      class="t-button t-size-m t-button--variant-outline t-button--theme-primary t-button--ghost"
      type="button"
    >
      <span
        class="t-button__text"
      >
        
         幽灵按钮 
        
      </span>
    </button>
    <button
      class="t-button t-size-m t-button--variant-dashed t-button--theme-primary t-button--ghost"
      type="button"
    >
      <span
        class="t-button__text"
      >
        
         幽灵按钮 
        
      </span>
    </button>
    <button
      class="t-button t-size-m t-button--variant-text t-button--theme-primary t-button--ghost"
      type="button"
    >
      <span
        class="t-button__text"
      >
        
         幽灵按钮 
        
      </span>
    </button>
  </div>
  <div
    class="tdesign-demo-block-row"
  >
    <button
      class="t-button t-size-m t-button--variant-outline t-button--theme-success t-button--ghost"
      type="button"
    >
      <span
        class="t-button__text"
      >
        
         幽灵按钮 
        
      </span>
    </button>
    <button
      class="t-button t-size-m t-button--variant-dashed t-button--theme-success t-button--ghost"
      type="button"
    >
      <span
        class="t-button__text"
      >
        
         幽灵按钮 
        
      </span>
    </button>
    <button
      class="t-button t-size-m t-button--variant-text t-button--theme-success t-button--ghost"
      type="button"
    >
      <span
        class="t-button__text"
      >
        
         幽灵按钮 
        
      </span>
    </button>
  </div>
  <div
    class="tdesign-demo-block-row"
  >
    <button
      class="t-button t-size-m t-button--variant-outline t-button--theme-warning t-button--ghost"
      type="button"
    >
      <span
        class="t-button__text"
      >
        
         幽灵按钮 
        
      </span>
    </button>
    <button
      class="t-button t-size-m t-button--variant-dashed t-button--theme-warning t-button--ghost"
      type="button"
    >
      <span
        class="t-button__text"
      >
        
         幽灵按钮 
        
      </span>
    </button>
    <button
      class="t-button t-size-m t-button--variant-text t-button--theme-warning t-button--ghost"
      type="button"
    >
      <span
        class="t-button__text"
      >
        
         幽灵按钮 
        
      </span>
    </button>
  </div>
  <div
    class="tdesign-demo-block-row"
  >
    <button
      class="t-button t-size-m t-button--variant-outline t-button--theme-danger t-button--ghost"
      type="button"
    >
      <span
        class="t-button__text"
      >
        
         幽灵按钮 
        
      </span>
    </button>
    <button
      class="t-button t-size-m t-button--variant-dashed t-button--theme-danger t-button--ghost"
      type="button"
    >
      <span
        class="t-button__text"
      >
        
         幽灵按钮 
        
      </span>
    </button>
    <button
      class="t-button t-size-m t-button--variant-text t-button--theme-danger t-button--ghost"
      type="button"
    >
      <span
        class="t-button__text"
      >
        
         幽灵按钮 
        
      </span>
    </button>
  </div>
</div>
`;

exports[`Button > Button groupVue demo works fine 1`] = `
<div
  class="demo-button-row"
  data-v-2b27e22b=""
>
  <div
    class="demo-button-col"
    data-v-2b27e22b=""
  >
    <button
      class="t-button t-size-m t-button--variant-base t-button--theme-primary"
      data-v-2b27e22b=""
      type="button"
    >
      <span
        class="t-button__text"
      >
        
         确定 
        
      </span>
    </button>
    <button
      class="t-button t-size-m t-button--variant-outline t-button--theme-default"
      data-v-2b27e22b=""
      type="button"
    >
      <span
        class="t-button__text"
      >
        
         取消 
        
      </span>
    </button>
  </div>
  <div
    class="demo-button-col"
    data-v-2b27e22b=""
  >
    <button
      class="t-button t-size-m t-button--variant-base t-button--theme-primary"
      data-v-2b27e22b=""
      type="button"
    >
      <span
        class="t-button__text"
      >
        
         下一步 
        
      </span>
    </button>
    <button
      class="t-button t-size-m t-button--variant-outline t-button--theme-default"
      data-v-2b27e22b=""
      type="button"
    >
      <span
        class="t-button__text"
      >
        
         上一步 
        
      </span>
    </button>
  </div>
  <div
    class="demo-button-col"
    data-v-2b27e22b=""
  >
    <button
      class="t-button t-size-m t-button--variant-base t-button--theme-primary"
      data-v-2b27e22b=""
      type="button"
    >
      <span
        class="t-button__text"
      >
        
         新建主机 
        
      </span>
    </button>
    <button
      class="t-button t-size-m t-button--variant-outline t-button--theme-default"
      data-v-2b27e22b=""
      type="button"
    >
      <span
        class="t-button__text"
      >
        
         重装系统 
        
      </span>
    </button>
    <button
      class="t-button t-size-m t-button--variant-outline t-button--theme-default"
      data-v-2b27e22b=""
      type="button"
    >
      <span
        class="t-button__text"
      >
        
         批量续费 
        
      </span>
    </button>
    <button
      class="t-button t-size-m t-button--variant-outline t-button--theme-default t-button--icon-only"
      data-v-2b27e22b=""
      type="button"
    >
      
      
      <svg
        class="t-icon t-icon-more"
        data-v-2b27e22b=""
        fill="none"
        height="1em"
        viewBox="0 0 16 16"
        width="1em"
      >
        <path
          d="M8 4a1 1 0 100-2 1 1 0 000 2zM8 9a1 1 0 100-2 1 1 0 000 2zM9 13a1 1 0 11-2 0 1 1 0 012 0z"
          fill="currentColor"
          fill-opacity="0.9"
        />
      </svg>
      
      
      
    </button>
  </div>
</div>
`;

exports[`Button > Button iconVue demo works fine 1`] = `
<div
  class="demo-button-icon"
  data-v-6cd7177d=""
>
  <div
    class="demo-button-row"
    data-v-6cd7177d=""
  >
    <div
      class="demo-button-col"
      data-v-6cd7177d=""
    >
      <button
        class="t-button t-size-m t-button--variant-base t-button--theme-primary"
        data-v-6cd7177d=""
        type="button"
      >
        
        
        <svg
          class="t-icon t-icon-add"
          data-v-6cd7177d=""
          fill="none"
          height="1em"
          viewBox="0 0 16 16"
          width="1em"
        >
          <path
            d="M7.35 8.65v3.85h1.3V8.65h3.85v-1.3H8.65V3.5h-1.3v3.85H3.5v1.3h3.85z"
            fill="currentColor"
            fill-opacity="0.9"
          />
        </svg>
        
        <span
          class="t-button__text"
        >
          
           新建 
          
        </span>
        
      </button>
      <button
        class="t-button t-size-m t-button--variant-outline t-button--theme-default"
        data-v-6cd7177d=""
        type="button"
      >
        
        
        <svg
          class="t-icon t-icon-cloud-upload"
          data-v-6cd7177d=""
          fill="none"
          height="1em"
          viewBox="0 0 16 16"
          width="1em"
        >
          <path
            d="M4.73 6.26l-.71.09A2.32 2.32 0 002 8.67c0 1.2.89 2.18 2 2.31v1a3.31 3.31 0 01-3-3.31 3.32 3.32 0 012.9-3.32A4.2 4.2 0 018 2c2 0 3.69 1.43 4.1 3.35 1.63.2 2.9 1.6 2.9 3.32a3.31 3.31 0 01-3 3.32v-1c1.11-.14 2-1.11 2-2.32 0-1.22-.9-2.2-2.02-2.32l-.71-.09-.15-.7A3.2 3.2 0 008 3a3.2 3.2 0 00-3.12 2.56l-.15.7z"
            fill="currentColor"
            fill-opacity="0.9"
          />
          <path
            d="M6.14 10.72L7.5 9.39l.03 5.12 1.01-.01-.03-5.1 1.37 1.34.72-.7-2.26-2.2a.5.5 0 00-.7 0l-2.22 2.18.72.7z"
            fill="currentColor"
            fill-opacity="0.9"
          />
        </svg>
        
        <span
          class="t-button__text"
        >
          
           上传文件 
          
        </span>
        
      </button>
    </div>
    <div
      class="demo-button-col"
      data-v-6cd7177d=""
    >
      <button
        class="t-button t-size-m t-button--variant-base t-button--theme-primary t-button--shape-circle t-button--icon-only"
        data-v-6cd7177d=""
        type="button"
      >
        
        
        <svg
          class="t-icon t-icon-discount"
          data-v-6cd7177d=""
        >
          <use
            href="#t-icon-discount"
          />
        </svg>
        
        
        
      </button>
      <button
        class="t-button t-size-m t-button--variant-base t-button--theme-primary t-button--shape-circle t-button--icon-only"
        data-v-6cd7177d=""
        type="button"
      >
        
        
        <svg
          class="t-icon t-icon-cloud-download"
          data-v-6cd7177d=""
          fill="none"
          height="1em"
          viewBox="0 0 16 16"
          width="1em"
        >
          <path
            d="M4.73 6.26l-.71.09A2.32 2.32 0 002 8.67c0 1.2.89 2.18 2 2.31v1a3.31 3.31 0 01-3-3.31 3.32 3.32 0 012.9-3.32A4.2 4.2 0 018 2c2 0 3.69 1.43 4.1 3.35 1.63.2 2.9 1.6 2.9 3.32a3.31 3.31 0 01-3 3.32v-1c1.11-.14 2-1.11 2-2.32 0-1.22-.9-2.2-2.02-2.32l-.71-.09-.15-.7A3.2 3.2 0 008 3a3.2 3.2 0 00-3.12 2.56l-.15.7z"
            fill="currentColor"
            fill-opacity="0.9"
          />
          <path
            d="M9.8 11.3l-1.3 1.29v-4.6h-1v4.6L6.2 11.3l-.7.7 2.15 2.15c.2.2.51.2.7 0L10.5 12l-.7-.71z"
            fill="currentColor"
            fill-opacity="0.9"
          />
        </svg>
        
        
        
      </button>
    </div>
    <!-- 使用 function 的形式定义 icon -->
    <div
      class="demo-button-col"
      data-v-6cd7177d=""
    >
      <button
        class="t-button t-size-m t-button--variant-outline t-button--theme-default"
        data-v-6cd7177d=""
        type="button"
      >
        
        <svg
          class="t-icon t-icon-search"
          fill="none"
          height="1em"
          viewBox="0 0 16 16"
          width="1em"
        >
          <path
            d="M9.51 10.22a4.76 4.76 0 11.7-.7l3.54 3.52-.7.71-3.54-3.53zm.77-3.7a3.76 3.76 0 10-7.53 0 3.76 3.76 0 007.53 0z"
            fill="currentColor"
            fill-opacity="0.9"
          />
        </svg>
        <span
          class="t-button__text"
        >
          
           Function Icon 
          
        </span>
        
      </button>
    </div>
  </div>
</div>
`;

exports[`Button > Button loadingVue demo works fine 1`] = `
<div
  class="button-base"
>
  <button
    class="t-button t-size-m t-button--variant-base t-button--theme-primary t-is-disabled t-is-loading"
    disabled=""
    type="button"
  >
    
    <div
      class="t-loading--center t-size-m t-loading--inherit-color t-loading"
    >
      <svg
        class="t-loading__gradient t-icon-loading"
        height="1em"
        size="medium"
        version="1.1"
        viewBox="0 0 14 14"
        width="1em"
        xmlns="http://www.w3.org/2000/svg"
      >
        <foreignobject
          height="12"
          width="12"
          x="1"
          y="1"
        >
          <div
            class="t-loading__gradient-conic"
          />
        </foreignobject>
      </svg>
      <!---->
    </div>
    <span
      class="t-button__text"
    >
      
       主按钮 
      
    </span>
    
  </button>
  <button
    class="t-button t-size-m t-button--variant-outline t-button--theme-default t-is-disabled t-is-loading"
    disabled=""
    type="button"
  >
    
    <div
      class="t-loading--center t-size-m t-loading--inherit-color t-loading"
    >
      <svg
        class="t-loading__gradient t-icon-loading"
        height="1em"
        size="medium"
        version="1.1"
        viewBox="0 0 14 14"
        width="1em"
        xmlns="http://www.w3.org/2000/svg"
      >
        <foreignobject
          height="12"
          width="12"
          x="1"
          y="1"
        >
          <div
            class="t-loading__gradient-conic"
          />
        </foreignobject>
      </svg>
      <!---->
    </div>
    <span
      class="t-button__text"
    >
      
       次按钮 
      
    </span>
    
  </button>
</div>
`;

exports[`Button > Button shapeVue demo works fine 1`] = `
<div
  class="tdesign-demo-block-column"
>
  <div
    class="tdesign-demo-block-row"
  >
    <div
      class="item"
    >
      <button
        class="t-button t-size-m t-button--variant-base t-button--theme-primary"
        type="button"
      >
        <span
          class="t-button__text"
        >
          
           填充按钮 
          
        </span>
      </button>
    </div>
    <div
      class="item"
    >
      <button
        class="t-button t-size-m t-button--variant-base t-button--theme-primary t-button--shape-square t-button--icon-only"
        type="button"
      >
        
        
        <svg
          class="t-icon t-icon-calendar"
          fill="none"
          height="1em"
          viewBox="0 0 16 16"
          width="1em"
        >
          <path
            d="M10 3H6V1.5H5V3H3a1 1 0 00-1 1v9a1 1 0 001 1h10a1 1 0 001-1V4a1 1 0 00-1-1h-2V1.5h-1V3zM5 5h1V4h4v1h1V4h2v2H3V4h2v1zM3 7h10v6H3V7z"
            fill="currentColor"
            fill-opacity="0.9"
          />
        </svg>
        
        
        
      </button>
    </div>
    <div
      class="item"
    >
      <button
        class="t-button t-size-m t-button--variant-base t-button--theme-primary t-button--shape-round"
        type="button"
      >
        <span
          class="t-button__text"
        >
          
           填充按钮 
          
        </span>
      </button>
    </div>
    <div
      class="item"
    >
      <button
        class="t-button t-size-m t-button--variant-base t-button--theme-primary t-button--shape-circle t-button--icon-only"
        type="button"
      >
        
        
        <svg
          class="t-icon t-icon-calendar"
          fill="none"
          height="1em"
          viewBox="0 0 16 16"
          width="1em"
        >
          <path
            d="M10 3H6V1.5H5V3H3a1 1 0 00-1 1v9a1 1 0 001 1h10a1 1 0 001-1V4a1 1 0 00-1-1h-2V1.5h-1V3zM5 5h1V4h4v1h1V4h2v2H3V4h2v1zM3 7h10v6H3V7z"
            fill="currentColor"
            fill-opacity="0.9"
          />
        </svg>
        
        
        
      </button>
    </div>
  </div>
  <div
    class="tdesign-demo-block-row"
  >
    <div
      class="item"
    >
      <button
        class="t-button t-size-m t-button--variant-outline t-button--theme-default"
        type="button"
      >
        <span
          class="t-button__text"
        >
          
           描边按钮 
          
        </span>
      </button>
    </div>
    <div
      class="item"
    >
      <button
        class="t-button t-size-m t-button--variant-outline t-button--theme-default t-button--shape-square t-button--icon-only"
        type="button"
      >
        
        
        <svg
          class="t-icon t-icon-calendar"
          fill="none"
          height="1em"
          viewBox="0 0 16 16"
          width="1em"
        >
          <path
            d="M10 3H6V1.5H5V3H3a1 1 0 00-1 1v9a1 1 0 001 1h10a1 1 0 001-1V4a1 1 0 00-1-1h-2V1.5h-1V3zM5 5h1V4h4v1h1V4h2v2H3V4h2v1zM3 7h10v6H3V7z"
            fill="currentColor"
            fill-opacity="0.9"
          />
        </svg>
        
        
        
      </button>
    </div>
    <div
      class="item"
    >
      <button
        class="t-button t-size-m t-button--variant-outline t-button--theme-default t-button--shape-round"
        type="button"
      >
        <span
          class="t-button__text"
        >
          
           描边按钮 
          
        </span>
      </button>
    </div>
    <div
      class="item"
    >
      <button
        class="t-button t-size-m t-button--variant-outline t-button--theme-default t-button--shape-circle t-button--icon-only"
        type="button"
      >
        
        
        <svg
          class="t-icon t-icon-calendar"
          fill="none"
          height="1em"
          viewBox="0 0 16 16"
          width="1em"
        >
          <path
            d="M10 3H6V1.5H5V3H3a1 1 0 00-1 1v9a1 1 0 001 1h10a1 1 0 001-1V4a1 1 0 00-1-1h-2V1.5h-1V3zM5 5h1V4h4v1h1V4h2v2H3V4h2v1zM3 7h10v6H3V7z"
            fill="currentColor"
            fill-opacity="0.9"
          />
        </svg>
        
        
        
      </button>
    </div>
  </div>
  <div
    class="tdesign-demo-block-row"
  >
    <div
      class="item"
    >
      <button
        class="t-button t-size-m t-button--variant-dashed t-button--theme-default"
        type="button"
      >
        <span
          class="t-button__text"
        >
          
           虚框按钮 
          
        </span>
      </button>
    </div>
    <div
      class="item"
    >
      <button
        class="t-button t-size-m t-button--variant-dashed t-button--theme-default t-button--shape-square t-button--icon-only"
        type="button"
      >
        
        
        <svg
          class="t-icon t-icon-calendar"
          fill="none"
          height="1em"
          viewBox="0 0 16 16"
          width="1em"
        >
          <path
            d="M10 3H6V1.5H5V3H3a1 1 0 00-1 1v9a1 1 0 001 1h10a1 1 0 001-1V4a1 1 0 00-1-1h-2V1.5h-1V3zM5 5h1V4h4v1h1V4h2v2H3V4h2v1zM3 7h10v6H3V7z"
            fill="currentColor"
            fill-opacity="0.9"
          />
        </svg>
        
        
        
      </button>
    </div>
    <div
      class="item"
    >
      <button
        class="t-button t-size-m t-button--variant-dashed t-button--theme-default t-button--shape-round"
        type="button"
      >
        <span
          class="t-button__text"
        >
          
           虚框按钮 
          
        </span>
      </button>
    </div>
    <div
      class="item"
    >
      <button
        class="t-button t-size-m t-button--variant-dashed t-button--theme-default t-button--shape-circle t-button--icon-only"
        type="button"
      >
        
        
        <svg
          class="t-icon t-icon-calendar"
          fill="none"
          height="1em"
          viewBox="0 0 16 16"
          width="1em"
        >
          <path
            d="M10 3H6V1.5H5V3H3a1 1 0 00-1 1v9a1 1 0 001 1h10a1 1 0 001-1V4a1 1 0 00-1-1h-2V1.5h-1V3zM5 5h1V4h4v1h1V4h2v2H3V4h2v1zM3 7h10v6H3V7z"
            fill="currentColor"
            fill-opacity="0.9"
          />
        </svg>
        
        
        
      </button>
    </div>
  </div>
  <div
    class="tdesign-demo-block-row"
  >
    <div
      class="item"
    >
      <button
        class="t-button t-size-m t-button--variant-text t-button--theme-default"
        type="button"
      >
        <span
          class="t-button__text"
        >
          
           文字按钮 
          
        </span>
      </button>
    </div>
    <div
      class="item"
    >
      <button
        class="t-button t-size-m t-button--variant-text t-button--theme-default t-button--shape-square t-button--icon-only"
        type="button"
      >
        
        
        <svg
          class="t-icon t-icon-calendar"
          fill="none"
          height="1em"
          viewBox="0 0 16 16"
          width="1em"
        >
          <path
            d="M10 3H6V1.5H5V3H3a1 1 0 00-1 1v9a1 1 0 001 1h10a1 1 0 001-1V4a1 1 0 00-1-1h-2V1.5h-1V3zM5 5h1V4h4v1h1V4h2v2H3V4h2v1zM3 7h10v6H3V7z"
            fill="currentColor"
            fill-opacity="0.9"
          />
        </svg>
        
        
        
      </button>
    </div>
    <div
      class="item"
    >
      <button
        class="t-button t-size-m t-button--variant-text t-button--theme-default t-button--shape-round"
        type="button"
      >
        <span
          class="t-button__text"
        >
          
           文字按钮 
          
        </span>
      </button>
    </div>
    <div
      class="item"
    >
      <button
        class="t-button t-size-m t-button--variant-text t-button--theme-default t-button--shape-circle t-button--icon-only"
        type="button"
      >
        
        
        <svg
          class="t-icon t-icon-calendar"
          fill="none"
          height="1em"
          viewBox="0 0 16 16"
          width="1em"
        >
          <path
            d="M10 3H6V1.5H5V3H3a1 1 0 00-1 1v9a1 1 0 001 1h10a1 1 0 001-1V4a1 1 0 00-1-1h-2V1.5h-1V3zM5 5h1V4h4v1h1V4h2v2H3V4h2v1zM3 7h10v6H3V7z"
            fill="currentColor"
            fill-opacity="0.9"
          />
        </svg>
        
        
        
      </button>
    </div>
  </div>
</div>
`;

exports[`Button > Button sizeVue demo works fine 1`] = `
<div
  class="tdesign-demo-block-column"
>
  <div
    class="tdesign-demo-block-row"
  >
    <div
      class="item"
    >
      <button
        class="t-button t-size-s t-button--variant-base t-button--theme-primary"
        type="button"
      >
        <span
          class="t-button__text"
        >
          
           填充按钮 
          
        </span>
      </button>
    </div>
    <div
      class="item"
    >
      <button
        class="t-button t-size-s t-button--variant-outline t-button--theme-default"
        type="button"
      >
        <span
          class="t-button__text"
        >
          
           描边按钮 
          
        </span>
      </button>
    </div>
    <div
      class="item"
    >
      <button
        class="t-button t-size-s t-button--variant-dashed t-button--theme-default"
        type="button"
      >
        <span
          class="t-button__text"
        >
          
           虚框按钮 
          
        </span>
      </button>
    </div>
    <div
      class="item"
    >
      <button
        class="t-button t-size-s t-button--variant-text t-button--theme-default"
        type="button"
      >
        <span
          class="t-button__text"
        >
          
           文字按钮 
          
        </span>
      </button>
    </div>
  </div>
  <div
    class="tdesign-demo-block-row"
  >
    <div
      class="item"
    >
      <button
        class="t-button t-size-m t-button--variant-base t-button--theme-primary"
        type="button"
      >
        <span
          class="t-button__text"
        >
          
           填充按钮 
          
        </span>
      </button>
    </div>
    <div
      class="item"
    >
      <button
        class="t-button t-size-m t-button--variant-outline t-button--theme-default"
        type="button"
      >
        <span
          class="t-button__text"
        >
          
           描边按钮 
          
        </span>
      </button>
    </div>
    <div
      class="item"
    >
      <button
        class="t-button t-size-m t-button--variant-dashed t-button--theme-default"
        type="button"
      >
        <span
          class="t-button__text"
        >
          
           虚框按钮 
          
        </span>
      </button>
    </div>
    <div
      class="item"
    >
      <button
        class="t-button t-size-m t-button--variant-text t-button--theme-default"
        type="button"
      >
        <span
          class="t-button__text"
        >
          
           文字按钮 
          
        </span>
      </button>
    </div>
  </div>
  <div
    class="tdesign-demo-block-row"
  >
    <div
      class="item"
    >
      <button
        class="t-button t-size-l t-button--variant-base t-button--theme-primary"
        type="button"
      >
        <span
          class="t-button__text"
        >
          
           填充按钮 
          
        </span>
      </button>
    </div>
    <div
      class="item"
    >
      <button
        class="t-button t-size-l t-button--variant-outline t-button--theme-default"
        type="button"
      >
        <span
          class="t-button__text"
        >
          
           描边按钮 
          
        </span>
      </button>
    </div>
    <div
      class="item"
    >
      <button
        class="t-button t-size-l t-button--variant-dashed t-button--theme-default"
        type="button"
      >
        <span
          class="t-button__text"
        >
          
           虚框按钮 
          
        </span>
      </button>
    </div>
    <div
      class="item"
    >
      <button
        class="t-button t-size-l t-button--variant-text t-button--theme-default"
        type="button"
      >
        <span
          class="t-button__text"
        >
          
           文字按钮 
          
        </span>
      </button>
    </div>
  </div>
</div>
`;

exports[`Button > Button statusVue demo works fine 1`] = `
<div
  class="tdesign-demo-block-row"
>
  <button
    class="t-button t-size-m t-button--variant-base t-button--theme-primary t-is-disabled"
    disabled=""
    type="button"
  >
    <span
      class="t-button__text"
    >
      
       填充按钮 
      
    </span>
  </button>
  <button
    class="t-button t-size-m t-button--variant-base t-button--theme-primary t-is-disabled t-is-loading"
    disabled=""
    type="button"
  >
    
    <div
      class="t-loading--center t-size-m t-loading--inherit-color t-loading"
    >
      <svg
        class="t-loading__gradient t-icon-loading"
        height="1em"
        size="medium"
        version="1.1"
        viewBox="0 0 14 14"
        width="1em"
        xmlns="http://www.w3.org/2000/svg"
      >
        <foreignobject
          height="12"
          width="12"
          x="1"
          y="1"
        >
          <div
            class="t-loading__gradient-conic"
          />
        </foreignobject>
      </svg>
      <!---->
    </div>
    <span
      class="t-button__text"
    >
      
       加载中 
      
    </span>
    
  </button>
</div>
`;

exports[`Button > Button themeVue demo works fine 1`] = `
<div
  class="tdesign-demo-block-column"
>
  <div
    class="tdesign-demo-block-row"
  >
    <button
      class="t-button t-size-m t-button--variant-base t-button--theme-default"
      type="button"
    >
      <span
        class="t-button__text"
      >
        
         填充按钮 
        
      </span>
    </button>
    <button
      class="t-button t-size-m t-button--variant-outline t-button--theme-default"
      type="button"
    >
      <span
        class="t-button__text"
      >
        
         描边按钮 
        
      </span>
    </button>
    <button
      class="t-button t-size-m t-button--variant-dashed t-button--theme-default"
      type="button"
    >
      <span
        class="t-button__text"
      >
        
         虚框按钮 
        
      </span>
    </button>
    <button
      class="t-button t-size-m t-button--variant-text t-button--theme-default"
      type="button"
    >
      <span
        class="t-button__text"
      >
        
         文字按钮 
        
      </span>
    </button>
  </div>
  <div
    class="tdesign-demo-block-row"
  >
    <button
      class="t-button t-size-m t-button--variant-base t-button--theme-primary"
      type="button"
    >
      <span
        class="t-button__text"
      >
        
         填充按钮 
        
      </span>
    </button>
    <button
      class="t-button t-size-m t-button--variant-outline t-button--theme-primary"
      type="button"
    >
      <span
        class="t-button__text"
      >
        
         描边按钮 
        
      </span>
    </button>
    <button
      class="t-button t-size-m t-button--variant-dashed t-button--theme-primary"
      type="button"
    >
      <span
        class="t-button__text"
      >
        
         虚框按钮 
        
      </span>
    </button>
    <button
      class="t-button t-size-m t-button--variant-text t-button--theme-primary"
      type="button"
    >
      <span
        class="t-button__text"
      >
        
         文字按钮 
        
      </span>
    </button>
  </div>
  <div
    class="tdesign-demo-block-row"
  >
    <button
      class="t-button t-size-m t-button--variant-base t-button--theme-danger"
      type="button"
    >
      <span
        class="t-button__text"
      >
        
         填充按钮 
        
      </span>
    </button>
    <button
      class="t-button t-size-m t-button--variant-outline t-button--theme-danger"
      type="button"
    >
      <span
        class="t-button__text"
      >
        
         描边按钮 
        
      </span>
    </button>
    <button
      class="t-button t-size-m t-button--variant-dashed t-button--theme-danger"
      type="button"
    >
      <span
        class="t-button__text"
      >
        
         虚框按钮 
        
      </span>
    </button>
    <button
      class="t-button t-size-m t-button--variant-text t-button--theme-danger"
      type="button"
    >
      <span
        class="t-button__text"
      >
        
         文字按钮 
        
      </span>
    </button>
  </div>
  <div
    class="tdesign-demo-block-row"
  >
    <button
      class="t-button t-size-m t-button--variant-base t-button--theme-warning"
      type="button"
    >
      <span
        class="t-button__text"
      >
        
         填充按钮 
        
      </span>
    </button>
    <button
      class="t-button t-size-m t-button--variant-outline t-button--theme-warning"
      type="button"
    >
      <span
        class="t-button__text"
      >
        
         描边按钮 
        
      </span>
    </button>
    <button
      class="t-button t-size-m t-button--variant-dashed t-button--theme-warning"
      type="button"
    >
      <span
        class="t-button__text"
      >
        
         虚框按钮 
        
      </span>
    </button>
    <button
      class="t-button t-size-m t-button--variant-text t-button--theme-warning"
      type="button"
    >
      <span
        class="t-button__text"
      >
        
         文字按钮 
        
      </span>
    </button>
  </div>
  <div
    class="tdesign-demo-block-row"
  >
    <button
      class="t-button t-size-m t-button--variant-base t-button--theme-success"
      type="button"
    >
      <span
        class="t-button__text"
      >
        
         填充按钮 
        
      </span>
    </button>
    <button
      class="t-button t-size-m t-button--variant-outline t-button--theme-success"
      type="button"
    >
      <span
        class="t-button__text"
      >
        
         描边按钮 
        
      </span>
    </button>
    <button
      class="t-button t-size-m t-button--variant-dashed t-button--theme-success"
      type="button"
    >
      <span
        class="t-button__text"
      >
        
         虚框按钮 
        
      </span>
    </button>
    <button
      class="t-button t-size-m t-button--variant-text t-button--theme-success"
      type="button"
    >
      <span
        class="t-button__text"
      >
        
         文字按钮 
        
      </span>
    </button>
  </div>
</div>
`;
