// Vitest Snapshot v1

exports[`TagInput > :props > :basic 1`] = `
<div
  class="t-input__wrap t-tag-input t-tag-input--break-line"
>
  <div
    class="t-input t-is-default t-input--prefix"
  >
    <!---->
    <div
      class="t-input__prefix"
    >
      
      <span
        class="t-tag t-tag--default t-tag--dark t-tag--close t-size-m"
      >
        <!---->
        
        a
        
        <svg
          class="t-icon t-icon-close t-tag__icon-close"
          fill="none"
          height="1em"
          viewBox="0 0 16 16"
          width="1em"
        >
          <path
            d="M8 8.92L11.08 12l.92-.92L8.92 8 12 4.92 11.08 4 8 7.08 4.92 4 4 4.92 7.08 8 4 11.08l.92.92L8 8.92z"
            fill="currentColor"
            fill-opacity="0.9"
          />
        </svg>
      </span>
      <span
        class="t-tag t-tag--default t-tag--dark t-tag--close t-size-m"
      >
        <!---->
        
        b
        
        <svg
          class="t-icon t-icon-close t-tag__icon-close"
          fill="none"
          height="1em"
          viewBox="0 0 16 16"
          width="1em"
        >
          <path
            d="M8 8.92L11.08 12l.92-.92L8.92 8 12 4.92 11.08 4 8 7.08 4.92 4 4 4.92 7.08 8 4 11.08l.92.92L8 8.92z"
            fill="currentColor"
            fill-opacity="0.9"
          />
        </svg>
      </span>
      <span
        class="t-tag t-tag--default t-tag--dark t-tag--close t-size-m"
      >
        <!---->
        
        c
        
        <svg
          class="t-icon t-icon-close t-tag__icon-close"
          fill="none"
          height="1em"
          viewBox="0 0 16 16"
          width="1em"
        >
          <path
            d="M8 8.92L11.08 12l.92-.92L8.92 8 12 4.92 11.08 4 8 7.08 4.92 4 4 4.92 7.08 8 4 11.08l.92.92L8 8.92z"
            fill="currentColor"
            fill-opacity="0.9"
          />
        </svg>
      </span>
      <span
        class="t-tag t-tag--default t-tag--dark t-tag--close t-size-m"
      >
        <!---->
        
        d
        
        <svg
          class="t-icon t-icon-close t-tag__icon-close"
          fill="none"
          height="1em"
          viewBox="0 0 16 16"
          width="1em"
        >
          <path
            d="M8 8.92L11.08 12l.92-.92L8.92 8 12 4.92 11.08 4 8 7.08 4.92 4 4 4.92 7.08 8 4 11.08l.92.92L8 8.92z"
            fill="currentColor"
            fill-opacity="0.9"
          />
        </svg>
      </span>
      
    </div>
    <input
      class="t-input__inner"
      placeholder=""
      type="text"
    />
    <!---->
    <!---->
    <!---->
  </div>
  <!---->
</div>
`;

exports[`TagInput > :props > :collapsed 1`] = `
<div
  class="t-input__wrap t-tag-input t-tag-input--break-line"
>
  <div
    class="t-input t-is-default t-input--prefix"
  >
    <!---->
    <div
      class="t-input__prefix"
    >
      
      <span
        class="t-tag t-tag--default t-tag--dark t-tag--close t-size-m"
      >
        <!---->
        
        a
        
        <svg
          class="t-icon t-icon-close t-tag__icon-close"
          fill="none"
          height="1em"
          viewBox="0 0 16 16"
          width="1em"
        >
          <path
            d="M8 8.92L11.08 12l.92-.92L8.92 8 12 4.92 11.08 4 8 7.08 4.92 4 4 4.92 7.08 8 4 11.08l.92.92L8 8.92z"
            fill="currentColor"
            fill-opacity="0.9"
          />
        </svg>
      </span>
      <span
        class="t-tag t-tag--default t-tag--dark t-size-m"
      >
        <!---->
        
        +
        3
        
        <!---->
      </span>
      
    </div>
    <input
      class="t-input__inner"
      placeholder=""
      type="text"
    />
    <!---->
    <!---->
    <!---->
  </div>
  <!---->
</div>
`;

exports[`TagInput > :props > :draggable 1`] = `
<div
  class="t-input__wrap t-tag-input t-tag-input--break-line"
>
  <div
    class="t-input t-is-default t-input--prefix"
  >
    <!---->
    <div
      class="t-input__prefix"
    >
      
      <span
        class="t-tag t-tag--default t-tag--dark t-tag--close t-size-m"
        draggable="true"
      >
        <!---->
        
        a
        
        <svg
          class="t-icon t-icon-close t-tag__icon-close"
          fill="none"
          height="1em"
          viewBox="0 0 16 16"
          width="1em"
        >
          <path
            d="M8 8.92L11.08 12l.92-.92L8.92 8 12 4.92 11.08 4 8 7.08 4.92 4 4 4.92 7.08 8 4 11.08l.92.92L8 8.92z"
            fill="currentColor"
            fill-opacity="0.9"
          />
        </svg>
      </span>
      <span
        class="t-tag t-tag--default t-tag--dark t-tag--close t-size-m"
        draggable="true"
      >
        <!---->
        
        b
        
        <svg
          class="t-icon t-icon-close t-tag__icon-close"
          fill="none"
          height="1em"
          viewBox="0 0 16 16"
          width="1em"
        >
          <path
            d="M8 8.92L11.08 12l.92-.92L8.92 8 12 4.92 11.08 4 8 7.08 4.92 4 4 4.92 7.08 8 4 11.08l.92.92L8 8.92z"
            fill="currentColor"
            fill-opacity="0.9"
          />
        </svg>
      </span>
      <span
        class="t-tag t-tag--default t-tag--dark t-tag--close t-size-m"
        draggable="true"
      >
        <!---->
        
        c
        
        <svg
          class="t-icon t-icon-close t-tag__icon-close"
          fill="none"
          height="1em"
          viewBox="0 0 16 16"
          width="1em"
        >
          <path
            d="M8 8.92L11.08 12l.92-.92L8.92 8 12 4.92 11.08 4 8 7.08 4.92 4 4 4.92 7.08 8 4 11.08l.92.92L8 8.92z"
            fill="currentColor"
            fill-opacity="0.9"
          />
        </svg>
      </span>
      <span
        class="t-tag t-tag--default t-tag--dark t-tag--close t-size-m"
        draggable="true"
      >
        <!---->
        
        d
        
        <svg
          class="t-icon t-icon-close t-tag__icon-close"
          fill="none"
          height="1em"
          viewBox="0 0 16 16"
          width="1em"
        >
          <path
            d="M8 8.92L11.08 12l.92-.92L8.92 8 12 4.92 11.08 4 8 7.08 4.92 4 4 4.92 7.08 8 4 11.08l.92.92L8 8.92z"
            fill="currentColor"
            fill-opacity="0.9"
          />
        </svg>
      </span>
      
    </div>
    <input
      class="t-input__inner"
      placeholder=""
      type="text"
    />
    <!---->
    <!---->
    <!---->
  </div>
  <!---->
</div>
`;

exports[`TagInput > :props > :label 1`] = `
<div
  class="t-input__wrap t-tag-input t-tag-input--break-line"
>
  <div
    class="t-input t-is-default t-input--prefix"
  >
    <!---->
    <div
      class="t-input__prefix"
    >
      
      <div
        class="t-tag-input__prefix"
      >
        Controlled: 
      </div>
      <span
        class="t-tag t-tag--default t-tag--dark t-tag--close t-size-m"
      >
        <!---->
        
        a
        
        <svg
          class="t-icon t-icon-close t-tag__icon-close"
          fill="none"
          height="1em"
          viewBox="0 0 16 16"
          width="1em"
        >
          <path
            d="M8 8.92L11.08 12l.92-.92L8.92 8 12 4.92 11.08 4 8 7.08 4.92 4 4 4.92 7.08 8 4 11.08l.92.92L8 8.92z"
            fill="currentColor"
            fill-opacity="0.9"
          />
        </svg>
      </span>
      <span
        class="t-tag t-tag--default t-tag--dark t-tag--close t-size-m"
      >
        <!---->
        
        b
        
        <svg
          class="t-icon t-icon-close t-tag__icon-close"
          fill="none"
          height="1em"
          viewBox="0 0 16 16"
          width="1em"
        >
          <path
            d="M8 8.92L11.08 12l.92-.92L8.92 8 12 4.92 11.08 4 8 7.08 4.92 4 4 4.92 7.08 8 4 11.08l.92.92L8 8.92z"
            fill="currentColor"
            fill-opacity="0.9"
          />
        </svg>
      </span>
      <span
        class="t-tag t-tag--default t-tag--dark t-tag--close t-size-m"
      >
        <!---->
        
        c
        
        <svg
          class="t-icon t-icon-close t-tag__icon-close"
          fill="none"
          height="1em"
          viewBox="0 0 16 16"
          width="1em"
        >
          <path
            d="M8 8.92L11.08 12l.92-.92L8.92 8 12 4.92 11.08 4 8 7.08 4.92 4 4 4.92 7.08 8 4 11.08l.92.92L8 8.92z"
            fill="currentColor"
            fill-opacity="0.9"
          />
        </svg>
      </span>
      <span
        class="t-tag t-tag--default t-tag--dark t-tag--close t-size-m"
      >
        <!---->
        
        d
        
        <svg
          class="t-icon t-icon-close t-tag__icon-close"
          fill="none"
          height="1em"
          viewBox="0 0 16 16"
          width="1em"
        >
          <path
            d="M8 8.92L11.08 12l.92-.92L8.92 8 12 4.92 11.08 4 8 7.08 4.92 4 4 4.92 7.08 8 4 11.08l.92.92L8 8.92z"
            fill="currentColor"
            fill-opacity="0.9"
          />
        </svg>
      </span>
      
    </div>
    <input
      class="t-input__inner"
      placeholder=""
      type="text"
    />
    <!---->
    <!---->
    <!---->
  </div>
  <!---->
</div>
`;

exports[`TagInput > :props > :max 1`] = `
<div
  class="t-input__wrap t-tag-input t-tag-input--break-line"
>
  <div
    class="t-input t-is-default t-input--prefix"
  >
    <!---->
    <div
      class="t-input__prefix"
    >
      
      <span
        class="t-tag t-tag--default t-tag--dark t-tag--close t-size-m"
      >
        <!---->
        
        a
        
        <svg
          class="t-icon t-icon-close t-tag__icon-close"
          fill="none"
          height="1em"
          viewBox="0 0 16 16"
          width="1em"
        >
          <path
            d="M8 8.92L11.08 12l.92-.92L8.92 8 12 4.92 11.08 4 8 7.08 4.92 4 4 4.92 7.08 8 4 11.08l.92.92L8 8.92z"
            fill="currentColor"
            fill-opacity="0.9"
          />
        </svg>
      </span>
      <span
        class="t-tag t-tag--default t-tag--dark t-tag--close t-size-m"
      >
        <!---->
        
        b
        
        <svg
          class="t-icon t-icon-close t-tag__icon-close"
          fill="none"
          height="1em"
          viewBox="0 0 16 16"
          width="1em"
        >
          <path
            d="M8 8.92L11.08 12l.92-.92L8.92 8 12 4.92 11.08 4 8 7.08 4.92 4 4 4.92 7.08 8 4 11.08l.92.92L8 8.92z"
            fill="currentColor"
            fill-opacity="0.9"
          />
        </svg>
      </span>
      <span
        class="t-tag t-tag--default t-tag--dark t-tag--close t-size-m"
      >
        <!---->
        
        c
        
        <svg
          class="t-icon t-icon-close t-tag__icon-close"
          fill="none"
          height="1em"
          viewBox="0 0 16 16"
          width="1em"
        >
          <path
            d="M8 8.92L11.08 12l.92-.92L8.92 8 12 4.92 11.08 4 8 7.08 4.92 4 4 4.92 7.08 8 4 11.08l.92.92L8 8.92z"
            fill="currentColor"
            fill-opacity="0.9"
          />
        </svg>
      </span>
      <span
        class="t-tag t-tag--default t-tag--dark t-tag--close t-size-m"
      >
        <!---->
        
        d
        
        <svg
          class="t-icon t-icon-close t-tag__icon-close"
          fill="none"
          height="1em"
          viewBox="0 0 16 16"
          width="1em"
        >
          <path
            d="M8 8.92L11.08 12l.92-.92L8.92 8 12 4.92 11.08 4 8 7.08 4.92 4 4 4.92 7.08 8 4 11.08l.92.92L8 8.92z"
            fill="currentColor"
            fill-opacity="0.9"
          />
        </svg>
      </span>
      
    </div>
    <input
      class="t-input__inner"
      placeholder=""
      type="text"
    />
    <!---->
    <!---->
    <!---->
  </div>
  <!---->
</div>
`;

exports[`TagInput > :props > :status:disabled 1`] = `
<div
  class="t-input__wrap t-tag-input t-tag-input--break-line"
>
  <div
    class="t-input t-is-disabled t-is-default t-input--prefix"
  >
    <!---->
    <div
      class="t-input__prefix"
    >
      
      <span
        class="t-tag t-tag--default t-tag--dark t-tag--disabled t-size-m"
      >
        <!---->
        
        a
        
        <!---->
      </span>
      <span
        class="t-tag t-tag--default t-tag--dark t-tag--disabled t-size-m"
      >
        <!---->
        
        b
        
        <!---->
      </span>
      <span
        class="t-tag t-tag--default t-tag--dark t-tag--disabled t-size-m"
      >
        <!---->
        
        c
        
        <!---->
      </span>
      <span
        class="t-tag t-tag--default t-tag--dark t-tag--disabled t-size-m"
      >
        <!---->
        
        d
        
        <!---->
      </span>
      
    </div>
    <input
      class="t-input__inner"
      disabled=""
      placeholder=""
      type="text"
    />
    <!---->
    <!---->
    <!---->
  </div>
  <!---->
</div>
`;

exports[`TagInput > :props > :status:error 1`] = `
<div
  class="t-input__wrap t-tag-input t-tag-input--break-line"
>
  <div
    class="t-input t-is-error t-input--prefix"
  >
    <!---->
    <div
      class="t-input__prefix"
    >
      
      <span
        class="t-tag t-tag--default t-tag--dark t-tag--close t-size-m"
      >
        <!---->
        
        a
        
        <svg
          class="t-icon t-icon-close t-tag__icon-close"
          fill="none"
          height="1em"
          viewBox="0 0 16 16"
          width="1em"
        >
          <path
            d="M8 8.92L11.08 12l.92-.92L8.92 8 12 4.92 11.08 4 8 7.08 4.92 4 4 4.92 7.08 8 4 11.08l.92.92L8 8.92z"
            fill="currentColor"
            fill-opacity="0.9"
          />
        </svg>
      </span>
      <span
        class="t-tag t-tag--default t-tag--dark t-tag--close t-size-m"
      >
        <!---->
        
        b
        
        <svg
          class="t-icon t-icon-close t-tag__icon-close"
          fill="none"
          height="1em"
          viewBox="0 0 16 16"
          width="1em"
        >
          <path
            d="M8 8.92L11.08 12l.92-.92L8.92 8 12 4.92 11.08 4 8 7.08 4.92 4 4 4.92 7.08 8 4 11.08l.92.92L8 8.92z"
            fill="currentColor"
            fill-opacity="0.9"
          />
        </svg>
      </span>
      <span
        class="t-tag t-tag--default t-tag--dark t-tag--close t-size-m"
      >
        <!---->
        
        c
        
        <svg
          class="t-icon t-icon-close t-tag__icon-close"
          fill="none"
          height="1em"
          viewBox="0 0 16 16"
          width="1em"
        >
          <path
            d="M8 8.92L11.08 12l.92-.92L8.92 8 12 4.92 11.08 4 8 7.08 4.92 4 4 4.92 7.08 8 4 11.08l.92.92L8 8.92z"
            fill="currentColor"
            fill-opacity="0.9"
          />
        </svg>
      </span>
      <span
        class="t-tag t-tag--default t-tag--dark t-tag--close t-size-m"
      >
        <!---->
        
        d
        
        <svg
          class="t-icon t-icon-close t-tag__icon-close"
          fill="none"
          height="1em"
          viewBox="0 0 16 16"
          width="1em"
        >
          <path
            d="M8 8.92L11.08 12l.92-.92L8.92 8 12 4.92 11.08 4 8 7.08 4.92 4 4 4.92 7.08 8 4 11.08l.92.92L8 8.92z"
            fill="currentColor"
            fill-opacity="0.9"
          />
        </svg>
      </span>
      
    </div>
    <input
      class="t-input__inner"
      placeholder=""
      type="text"
    />
    <!---->
    <!---->
    <!---->
  </div>
  <!---->
</div>
`;

exports[`TagInput > :props > :status:readonly 1`] = `
<div
  class="t-input__wrap t-tag-input t-tag-input--break-line"
>
  <div
    class="t-input t-is-default t-is-readonly t-input--prefix"
  >
    <!---->
    <div
      class="t-input__prefix"
    >
      
      <span
        class="t-tag t-tag--default t-tag--dark t-size-m"
      >
        <!---->
        
        a
        
        <!---->
      </span>
      <span
        class="t-tag t-tag--default t-tag--dark t-size-m"
      >
        <!---->
        
        b
        
        <!---->
      </span>
      <span
        class="t-tag t-tag--default t-tag--dark t-size-m"
      >
        <!---->
        
        c
        
        <!---->
      </span>
      <span
        class="t-tag t-tag--default t-tag--dark t-size-m"
      >
        <!---->
        
        d
        
        <!---->
      </span>
      
    </div>
    <input
      class="t-input__inner"
      placeholder=""
      readonly=""
      type="text"
      unselectable="on"
    />
    <!---->
    <!---->
    <!---->
  </div>
  <!---->
</div>
`;

exports[`TagInput > :props > :status:success 1`] = `
<div
  class="t-input__wrap t-tag-input t-tag-input--break-line"
>
  <div
    class="t-input t-is-success t-input--prefix"
  >
    <!---->
    <div
      class="t-input__prefix"
    >
      
      <span
        class="t-tag t-tag--default t-tag--dark t-tag--close t-size-m"
      >
        <!---->
        
        a
        
        <svg
          class="t-icon t-icon-close t-tag__icon-close"
          fill="none"
          height="1em"
          viewBox="0 0 16 16"
          width="1em"
        >
          <path
            d="M8 8.92L11.08 12l.92-.92L8.92 8 12 4.92 11.08 4 8 7.08 4.92 4 4 4.92 7.08 8 4 11.08l.92.92L8 8.92z"
            fill="currentColor"
            fill-opacity="0.9"
          />
        </svg>
      </span>
      <span
        class="t-tag t-tag--default t-tag--dark t-tag--close t-size-m"
      >
        <!---->
        
        b
        
        <svg
          class="t-icon t-icon-close t-tag__icon-close"
          fill="none"
          height="1em"
          viewBox="0 0 16 16"
          width="1em"
        >
          <path
            d="M8 8.92L11.08 12l.92-.92L8.92 8 12 4.92 11.08 4 8 7.08 4.92 4 4 4.92 7.08 8 4 11.08l.92.92L8 8.92z"
            fill="currentColor"
            fill-opacity="0.9"
          />
        </svg>
      </span>
      <span
        class="t-tag t-tag--default t-tag--dark t-tag--close t-size-m"
      >
        <!---->
        
        c
        
        <svg
          class="t-icon t-icon-close t-tag__icon-close"
          fill="none"
          height="1em"
          viewBox="0 0 16 16"
          width="1em"
        >
          <path
            d="M8 8.92L11.08 12l.92-.92L8.92 8 12 4.92 11.08 4 8 7.08 4.92 4 4 4.92 7.08 8 4 11.08l.92.92L8 8.92z"
            fill="currentColor"
            fill-opacity="0.9"
          />
        </svg>
      </span>
      <span
        class="t-tag t-tag--default t-tag--dark t-tag--close t-size-m"
      >
        <!---->
        
        d
        
        <svg
          class="t-icon t-icon-close t-tag__icon-close"
          fill="none"
          height="1em"
          viewBox="0 0 16 16"
          width="1em"
        >
          <path
            d="M8 8.92L11.08 12l.92-.92L8.92 8 12 4.92 11.08 4 8 7.08 4.92 4 4 4.92 7.08 8 4 11.08l.92.92L8 8.92z"
            fill="currentColor"
            fill-opacity="0.9"
          />
        </svg>
      </span>
      
    </div>
    <input
      class="t-input__inner"
      placeholder=""
      type="text"
    />
    <!---->
    <!---->
    <!---->
  </div>
  <!---->
</div>
`;

exports[`TagInput > :props > :status:warning 1`] = `
<div
  class="t-input__wrap t-tag-input t-tag-input--break-line"
>
  <div
    class="t-input t-is-warning t-input--prefix"
  >
    <!---->
    <div
      class="t-input__prefix"
    >
      
      <span
        class="t-tag t-tag--default t-tag--dark t-tag--close t-size-m"
      >
        <!---->
        
        a
        
        <svg
          class="t-icon t-icon-close t-tag__icon-close"
          fill="none"
          height="1em"
          viewBox="0 0 16 16"
          width="1em"
        >
          <path
            d="M8 8.92L11.08 12l.92-.92L8.92 8 12 4.92 11.08 4 8 7.08 4.92 4 4 4.92 7.08 8 4 11.08l.92.92L8 8.92z"
            fill="currentColor"
            fill-opacity="0.9"
          />
        </svg>
      </span>
      <span
        class="t-tag t-tag--default t-tag--dark t-tag--close t-size-m"
      >
        <!---->
        
        b
        
        <svg
          class="t-icon t-icon-close t-tag__icon-close"
          fill="none"
          height="1em"
          viewBox="0 0 16 16"
          width="1em"
        >
          <path
            d="M8 8.92L11.08 12l.92-.92L8.92 8 12 4.92 11.08 4 8 7.08 4.92 4 4 4.92 7.08 8 4 11.08l.92.92L8 8.92z"
            fill="currentColor"
            fill-opacity="0.9"
          />
        </svg>
      </span>
      <span
        class="t-tag t-tag--default t-tag--dark t-tag--close t-size-m"
      >
        <!---->
        
        c
        
        <svg
          class="t-icon t-icon-close t-tag__icon-close"
          fill="none"
          height="1em"
          viewBox="0 0 16 16"
          width="1em"
        >
          <path
            d="M8 8.92L11.08 12l.92-.92L8.92 8 12 4.92 11.08 4 8 7.08 4.92 4 4 4.92 7.08 8 4 11.08l.92.92L8 8.92z"
            fill="currentColor"
            fill-opacity="0.9"
          />
        </svg>
      </span>
      <span
        class="t-tag t-tag--default t-tag--dark t-tag--close t-size-m"
      >
        <!---->
        
        d
        
        <svg
          class="t-icon t-icon-close t-tag__icon-close"
          fill="none"
          height="1em"
          viewBox="0 0 16 16"
          width="1em"
        >
          <path
            d="M8 8.92L11.08 12l.92-.92L8.92 8 12 4.92 11.08 4 8 7.08 4.92 4 4 4.92 7.08 8 4 11.08l.92.92L8 8.92z"
            fill="currentColor"
            fill-opacity="0.9"
          />
        </svg>
      </span>
      
    </div>
    <input
      class="t-input__inner"
      placeholder=""
      type="text"
    />
    <!---->
    <!---->
    <!---->
  </div>
  <!---->
</div>
`;

exports[`TagInput > <slot> > <collapsedTags> 1`] = `
<div
  class="t-input__wrap t-tag-input t-tag-input--break-line"
>
  <div
    class="t-input t-is-default t-input--prefix"
  >
    <!---->
    <div
      class="t-input__prefix"
    >
      
      
    </div>
    <input
      class="t-input__inner"
      placeholder="请输入"
      type="text"
    />
    <!---->
    <!---->
    <!---->
  </div>
  <!---->
</div>
`;
