// Vitest Snapshot v1

exports[`Guide > base demo works fine 1`] = `
<t-row
  justify="center"
>
  <t-button>
    新手引导
  </t-button>
  <t-drawer
    destroy-on-close=""
    header="演示新手引导"
    show-overlay="false"
    size="60%"
    visible="false"
  >
    <div
      class="guide-container"
    >
      <div
        class="main-title"
      >
        <div
          class="title-major"
        >
          Guide 用户引导
        </div>
        <div
          class="title-sub"
        >
          按钮用于开启一个闭环的操作任务，如“删除”对象、“购买”商品等。
        </div>
      </div>
      <div
        class="field label-field"
      >
        <div
          class="label"
        >
          Label
        </div>
        <t-input
          placeholder="请输入内容"
        />
      </div>
      <div
        class="field"
      >
        <div
          class="label"
        >
          Label
        </div>
        <t-input
          placeholder="请输入内容"
        />
      </div>
      <t-row
        class="action"
      >
        <t-button>
          确定
        </t-button>
        <t-button
          theme="default"
          variant="base"
        >
          取消
        </t-button>
      </t-row>
    </div>
    <t-guide
      modelvalue="-1"
      steps="[object Object],[object Object],[object Object]"
    />
  </t-drawer>
</t-row>
`;
