// Vitest Snapshot v1

exports[`BaseTable Component > props.showHeader: BaseTable contains element \`thead\` 1`] = `
<div
  class="t-table"
  tabindex="0"
>
  <!---->
  <!---->
  <div
    class="t-table__content"
  >
    <!---->
    <table
      class="t-table--layout-fixed"
    >
      <colgroup>
        
        <col
          style="min-width: 80px;"
        />
        <col
          style="min-width: 80px;"
        />
        <col
          style="min-width: 80px;"
        />
        
      </colgroup>
      <thead
        class="t-table__header"
      >
        
        <tr>
          
          <th
            class="t-table__th-index"
            data-colkey="index"
          >
            <div
              class="t-table__th-cell-inner"
            >
              Index
            </div>
          </th>
          <th
            class="t-table__th-applicant"
            data-colkey="applicant"
          >
            <div
              class="t-table__th-cell-inner"
            >
              Applicant
            </div>
          </th>
          <th
            class="t-table__th-createTime"
            data-colkey="createTime"
          >
            <div
              class="t-table__th-cell-inner"
            >
              Time
            </div>
          </th>
          
        </tr>
        
      </thead>
      <tbody
        class="t-table__body"
      >
        
        <!---->
        <tr
          class=""
        >
          
          <td
            class=""
          >
            1
          </td>
          <td
            class=""
          >
            贾明
          </td>
          <td
            class=""
          >
            
          </td>
          
        </tr>
        <tr
          class=""
        >
          
          <td
            class=""
          >
            2
          </td>
          <td
            class=""
          >
            张三
          </td>
          <td
            class=""
          >
            2022-02-01
          </td>
          
        </tr>
        <tr
          class=""
        >
          
          <td
            class=""
          >
            3
          </td>
          <td
            class=""
          >
            王芳
          </td>
          <td
            class=""
          >
            2022-03-01
          </td>
          
        </tr>
        <tr
          class=""
        >
          
          <td
            class=""
          >
            4
          </td>
          <td
            class=""
          >
            贾明
          </td>
          <td
            class=""
          >
            2022-04-01
          </td>
          
        </tr>
        <tr
          class=""
        >
          
          <td
            class=""
          >
            5
          </td>
          <td
            class=""
          >
            张三
          </td>
          <td
            class=""
          >
            
          </td>
          
        </tr>
        <!---->
        
      </tbody>
      <tfoot
        class="t-table__footer"
      >
        <!---->
        
        <tr
          class=""
        >
          
          <td>
            1
          </td>
          <td>
            贾明
          </td>
          <td>
            
          </td>
          
        </tr>
        <tr
          class=""
        >
          
          <td>
            2
          </td>
          <td>
            张三
          </td>
          <td>
            2022-02-01
          </td>
          
        </tr>
        
      </tfoot>
    </table>
  </div>
  <!---->
  <!---->
  <!---->
  <!---->
  <!---->
  <div
    class="t-table__pagination-wrap"
    style="opacity: 1;"
  >
    <!---->
  </div>
  <div
    class="t-table__resize-line"
    style="display: none; height: 10px; left: 10px; bottom: 0px;"
  />
</div>
`;

exports[`BaseTable Component > props.size is equal to large 1`] = `
<div
  class="t-table t-size-l"
  tabindex="0"
>
  <!---->
  <!---->
  <div
    class="t-table__content"
  >
    <!---->
    <table
      class="t-table--layout-fixed"
    >
      <colgroup>
        
        <col
          style="min-width: 80px;"
        />
        <col
          style="min-width: 80px;"
        />
        <col
          style="min-width: 80px;"
        />
        
      </colgroup>
      <thead
        class="t-table__header"
      >
        
        <tr>
          
          <th
            class="t-table__th-index"
            data-colkey="index"
          >
            <div
              class="t-table__th-cell-inner"
            >
              Index
            </div>
          </th>
          <th
            class="t-table__th-applicant"
            data-colkey="applicant"
          >
            <div
              class="t-table__th-cell-inner"
            >
              Applicant
            </div>
          </th>
          <th
            class="t-table__th-createTime"
            data-colkey="createTime"
          >
            <div
              class="t-table__th-cell-inner"
            >
              Time
            </div>
          </th>
          
        </tr>
        
      </thead>
      <tbody
        class="t-table__body"
      >
        
        <!---->
        <tr
          class=""
        >
          
          <td
            class=""
          >
            1
          </td>
          <td
            class=""
          >
            贾明
          </td>
          <td
            class=""
          >
            
          </td>
          
        </tr>
        <tr
          class=""
        >
          
          <td
            class=""
          >
            2
          </td>
          <td
            class=""
          >
            张三
          </td>
          <td
            class=""
          >
            2022-02-01
          </td>
          
        </tr>
        <tr
          class=""
        >
          
          <td
            class=""
          >
            3
          </td>
          <td
            class=""
          >
            王芳
          </td>
          <td
            class=""
          >
            2022-03-01
          </td>
          
        </tr>
        <tr
          class=""
        >
          
          <td
            class=""
          >
            4
          </td>
          <td
            class=""
          >
            贾明
          </td>
          <td
            class=""
          >
            2022-04-01
          </td>
          
        </tr>
        <tr
          class=""
        >
          
          <td
            class=""
          >
            5
          </td>
          <td
            class=""
          >
            张三
          </td>
          <td
            class=""
          >
            
          </td>
          
        </tr>
        <!---->
        
      </tbody>
      <tfoot
        class="t-table__footer"
      >
        <!---->
        
        <tr
          class=""
        >
          
          <td>
            1
          </td>
          <td>
            贾明
          </td>
          <td>
            
          </td>
          
        </tr>
        <tr
          class=""
        >
          
          <td>
            2
          </td>
          <td>
            张三
          </td>
          <td>
            2022-02-01
          </td>
          
        </tr>
        
      </tfoot>
    </table>
  </div>
  <!---->
  <!---->
  <!---->
  <!---->
  <!---->
  <div
    class="t-table__pagination-wrap"
    style="opacity: 1;"
  >
    <!---->
  </div>
  <div
    class="t-table__resize-line"
    style="display: none; height: 10px; left: 10px; bottom: 0px;"
  />
</div>
`;

exports[`BaseTable Component > props.size is equal to medium 1`] = `
<div
  class="t-table"
  tabindex="0"
>
  <!---->
  <!---->
  <div
    class="t-table__content"
  >
    <!---->
    <table
      class="t-table--layout-fixed"
    >
      <colgroup>
        
        <col
          style="min-width: 80px;"
        />
        <col
          style="min-width: 80px;"
        />
        <col
          style="min-width: 80px;"
        />
        
      </colgroup>
      <thead
        class="t-table__header"
      >
        
        <tr>
          
          <th
            class="t-table__th-index"
            data-colkey="index"
          >
            <div
              class="t-table__th-cell-inner"
            >
              Index
            </div>
          </th>
          <th
            class="t-table__th-applicant"
            data-colkey="applicant"
          >
            <div
              class="t-table__th-cell-inner"
            >
              Applicant
            </div>
          </th>
          <th
            class="t-table__th-createTime"
            data-colkey="createTime"
          >
            <div
              class="t-table__th-cell-inner"
            >
              Time
            </div>
          </th>
          
        </tr>
        
      </thead>
      <tbody
        class="t-table__body"
      >
        
        <!---->
        <tr
          class=""
        >
          
          <td
            class=""
          >
            1
          </td>
          <td
            class=""
          >
            贾明
          </td>
          <td
            class=""
          >
            
          </td>
          
        </tr>
        <tr
          class=""
        >
          
          <td
            class=""
          >
            2
          </td>
          <td
            class=""
          >
            张三
          </td>
          <td
            class=""
          >
            2022-02-01
          </td>
          
        </tr>
        <tr
          class=""
        >
          
          <td
            class=""
          >
            3
          </td>
          <td
            class=""
          >
            王芳
          </td>
          <td
            class=""
          >
            2022-03-01
          </td>
          
        </tr>
        <tr
          class=""
        >
          
          <td
            class=""
          >
            4
          </td>
          <td
            class=""
          >
            贾明
          </td>
          <td
            class=""
          >
            2022-04-01
          </td>
          
        </tr>
        <tr
          class=""
        >
          
          <td
            class=""
          >
            5
          </td>
          <td
            class=""
          >
            张三
          </td>
          <td
            class=""
          >
            
          </td>
          
        </tr>
        <!---->
        
      </tbody>
      <tfoot
        class="t-table__footer"
      >
        <!---->
        
        <tr
          class=""
        >
          
          <td>
            1
          </td>
          <td>
            贾明
          </td>
          <td>
            
          </td>
          
        </tr>
        <tr
          class=""
        >
          
          <td>
            2
          </td>
          <td>
            张三
          </td>
          <td>
            2022-02-01
          </td>
          
        </tr>
        
      </tfoot>
    </table>
  </div>
  <!---->
  <!---->
  <!---->
  <!---->
  <!---->
  <div
    class="t-table__pagination-wrap"
    style="opacity: 1;"
  >
    <!---->
  </div>
  <div
    class="t-table__resize-line"
    style="display: none; height: 10px; left: 10px; bottom: 0px;"
  />
</div>
`;

exports[`BaseTable Component > props.size is equal to small 1`] = `
<div
  class="t-table t-size-s"
  tabindex="0"
>
  <!---->
  <!---->
  <div
    class="t-table__content"
  >
    <!---->
    <table
      class="t-table--layout-fixed"
    >
      <colgroup>
        
        <col
          style="min-width: 80px;"
        />
        <col
          style="min-width: 80px;"
        />
        <col
          style="min-width: 80px;"
        />
        
      </colgroup>
      <thead
        class="t-table__header"
      >
        
        <tr>
          
          <th
            class="t-table__th-index"
            data-colkey="index"
          >
            <div
              class="t-table__th-cell-inner"
            >
              Index
            </div>
          </th>
          <th
            class="t-table__th-applicant"
            data-colkey="applicant"
          >
            <div
              class="t-table__th-cell-inner"
            >
              Applicant
            </div>
          </th>
          <th
            class="t-table__th-createTime"
            data-colkey="createTime"
          >
            <div
              class="t-table__th-cell-inner"
            >
              Time
            </div>
          </th>
          
        </tr>
        
      </thead>
      <tbody
        class="t-table__body"
      >
        
        <!---->
        <tr
          class=""
        >
          
          <td
            class=""
          >
            1
          </td>
          <td
            class=""
          >
            贾明
          </td>
          <td
            class=""
          >
            
          </td>
          
        </tr>
        <tr
          class=""
        >
          
          <td
            class=""
          >
            2
          </td>
          <td
            class=""
          >
            张三
          </td>
          <td
            class=""
          >
            2022-02-01
          </td>
          
        </tr>
        <tr
          class=""
        >
          
          <td
            class=""
          >
            3
          </td>
          <td
            class=""
          >
            王芳
          </td>
          <td
            class=""
          >
            2022-03-01
          </td>
          
        </tr>
        <tr
          class=""
        >
          
          <td
            class=""
          >
            4
          </td>
          <td
            class=""
          >
            贾明
          </td>
          <td
            class=""
          >
            2022-04-01
          </td>
          
        </tr>
        <tr
          class=""
        >
          
          <td
            class=""
          >
            5
          </td>
          <td
            class=""
          >
            张三
          </td>
          <td
            class=""
          >
            
          </td>
          
        </tr>
        <!---->
        
      </tbody>
      <tfoot
        class="t-table__footer"
      >
        <!---->
        
        <tr
          class=""
        >
          
          <td>
            1
          </td>
          <td>
            贾明
          </td>
          <td>
            
          </td>
          
        </tr>
        <tr
          class=""
        >
          
          <td>
            2
          </td>
          <td>
            张三
          </td>
          <td>
            2022-02-01
          </td>
          
        </tr>
        
      </tfoot>
    </table>
  </div>
  <!---->
  <!---->
  <!---->
  <!---->
  <!---->
  <div
    class="t-table__pagination-wrap"
    style="opacity: 1;"
  >
    <!---->
  </div>
  <div
    class="t-table__resize-line"
    style="display: none; height: 10px; left: 10px; bottom: 0px;"
  />
</div>
`;

exports[`BaseTable Component > props.tableLayout is equal to auto 1`] = `
<div
  class="t-table"
  tabindex="0"
>
  <!---->
  <!---->
  <div
    class="t-table__content"
  >
    <!---->
    <table
      class="t-table--layout-auto"
    >
      <colgroup>
        
        <col />
        <col />
        <col />
        
      </colgroup>
      <thead
        class="t-table__header"
      >
        
        <tr>
          
          <th
            class="t-table__th-index"
            data-colkey="index"
          >
            <div
              class="t-table__th-cell-inner"
            >
              Index
            </div>
          </th>
          <th
            class="t-table__th-applicant"
            data-colkey="applicant"
          >
            <div
              class="t-table__th-cell-inner"
            >
              Applicant
            </div>
          </th>
          <th
            class="t-table__th-createTime"
            data-colkey="createTime"
          >
            <div
              class="t-table__th-cell-inner"
            >
              Time
            </div>
          </th>
          
        </tr>
        
      </thead>
      <tbody
        class="t-table__body"
      >
        
        <!---->
        <tr
          class=""
        >
          
          <td
            class=""
          >
            1
          </td>
          <td
            class=""
          >
            贾明
          </td>
          <td
            class=""
          >
            
          </td>
          
        </tr>
        <tr
          class=""
        >
          
          <td
            class=""
          >
            2
          </td>
          <td
            class=""
          >
            张三
          </td>
          <td
            class=""
          >
            2022-02-01
          </td>
          
        </tr>
        <tr
          class=""
        >
          
          <td
            class=""
          >
            3
          </td>
          <td
            class=""
          >
            王芳
          </td>
          <td
            class=""
          >
            2022-03-01
          </td>
          
        </tr>
        <tr
          class=""
        >
          
          <td
            class=""
          >
            4
          </td>
          <td
            class=""
          >
            贾明
          </td>
          <td
            class=""
          >
            2022-04-01
          </td>
          
        </tr>
        <tr
          class=""
        >
          
          <td
            class=""
          >
            5
          </td>
          <td
            class=""
          >
            张三
          </td>
          <td
            class=""
          >
            
          </td>
          
        </tr>
        <!---->
        
      </tbody>
      <tfoot
        class="t-table__footer"
      >
        <!---->
        
        <tr
          class=""
        >
          
          <td>
            1
          </td>
          <td>
            贾明
          </td>
          <td>
            
          </td>
          
        </tr>
        <tr
          class=""
        >
          
          <td>
            2
          </td>
          <td>
            张三
          </td>
          <td>
            2022-02-01
          </td>
          
        </tr>
        
      </tfoot>
    </table>
  </div>
  <!---->
  <!---->
  <!---->
  <!---->
  <!---->
  <div
    class="t-table__pagination-wrap"
    style="opacity: 1;"
  >
    <!---->
  </div>
  <div
    class="t-table__resize-line"
    style="display: none; height: 10px; left: 10px; bottom: 0px;"
  />
</div>
`;

exports[`BaseTable Component > props.tableLayout is equal to fixed 1`] = `
<div
  class="t-table"
  tabindex="0"
>
  <!---->
  <!---->
  <div
    class="t-table__content"
  >
    <!---->
    <table
      class="t-table--layout-fixed"
    >
      <colgroup>
        
        <col
          style="min-width: 80px;"
        />
        <col
          style="min-width: 80px;"
        />
        <col
          style="min-width: 80px;"
        />
        
      </colgroup>
      <thead
        class="t-table__header"
      >
        
        <tr>
          
          <th
            class="t-table__th-index"
            data-colkey="index"
          >
            <div
              class="t-table__th-cell-inner"
            >
              Index
            </div>
          </th>
          <th
            class="t-table__th-applicant"
            data-colkey="applicant"
          >
            <div
              class="t-table__th-cell-inner"
            >
              Applicant
            </div>
          </th>
          <th
            class="t-table__th-createTime"
            data-colkey="createTime"
          >
            <div
              class="t-table__th-cell-inner"
            >
              Time
            </div>
          </th>
          
        </tr>
        
      </thead>
      <tbody
        class="t-table__body"
      >
        
        <!---->
        <tr
          class=""
        >
          
          <td
            class=""
          >
            1
          </td>
          <td
            class=""
          >
            贾明
          </td>
          <td
            class=""
          >
            
          </td>
          
        </tr>
        <tr
          class=""
        >
          
          <td
            class=""
          >
            2
          </td>
          <td
            class=""
          >
            张三
          </td>
          <td
            class=""
          >
            2022-02-01
          </td>
          
        </tr>
        <tr
          class=""
        >
          
          <td
            class=""
          >
            3
          </td>
          <td
            class=""
          >
            王芳
          </td>
          <td
            class=""
          >
            2022-03-01
          </td>
          
        </tr>
        <tr
          class=""
        >
          
          <td
            class=""
          >
            4
          </td>
          <td
            class=""
          >
            贾明
          </td>
          <td
            class=""
          >
            2022-04-01
          </td>
          
        </tr>
        <tr
          class=""
        >
          
          <td
            class=""
          >
            5
          </td>
          <td
            class=""
          >
            张三
          </td>
          <td
            class=""
          >
            
          </td>
          
        </tr>
        <!---->
        
      </tbody>
      <tfoot
        class="t-table__footer"
      >
        <!---->
        
        <tr
          class=""
        >
          
          <td>
            1
          </td>
          <td>
            贾明
          </td>
          <td>
            
          </td>
          
        </tr>
        <tr
          class=""
        >
          
          <td>
            2
          </td>
          <td>
            张三
          </td>
          <td>
            2022-02-01
          </td>
          
        </tr>
        
      </tfoot>
    </table>
  </div>
  <!---->
  <!---->
  <!---->
  <!---->
  <!---->
  <div
    class="t-table__pagination-wrap"
    style="opacity: 1;"
  >
    <!---->
  </div>
  <div
    class="t-table__resize-line"
    style="display: none; height: 10px; left: 10px; bottom: 0px;"
  />
</div>
`;
