// Jest Snapshot v1, https://goo.gl/fbAQLP

exports[`Pagination Pagination baseVue demo works fine 1`] = `
<div>
  <div
    class="t-pagination t-size-m"
  >
    <div
      class="t-pagination__total"
    >
      共 100 项数据
    </div>
    <div
      class="t-select__wrap t-pagination__select"
    >
      
      <div
        class="t-select t-select-polyfill t-size-m t-select__popup-reference"
      >
        <!---->
        <!---->
        <!---->
        <span
          class="t-tag t-tag--default t-tag--dark t-size-m"
          style="display: none;"
        >
          <!---->
          
          +0
          
          <!---->
        </span>
        <span
          class="t-select__single"
          title="5"
        >
          5
        </span>
        <!---->
        <svg
          class="t-fake-arrow t-select__right-icon t-select__right-icon-polyfill"
          fill="none"
          height="16"
          viewBox="0 0 16 16"
          width="16"
          xmlns="http://www.w3.org/2000/svg"
        >
          <path
            d="M3.75 5.7998L7.99274 10.0425L12.2361 5.79921"
            stroke="black"
            stroke-opacity="0.9"
            stroke-width="1.3"
          />
        </svg>
        <!---->
        <!---->
      </div>
      <!---->
      
      <div
        style="display: none;"
      >
        
        
        <li
          class="t-select-option t-is-selected t-size-m"
          title="5 条/页"
        >
          <span>
            5 条/页
          </span>
        </li>
        <li
          class="t-select-option t-size-m"
          title="10 条/页"
        >
          <span>
            10 条/页
          </span>
        </li>
        <li
          class="t-select-option t-size-m"
          title="20 条/页"
        >
          <span>
            20 条/页
          </span>
        </li>
        <li
          class="t-select-option t-size-m"
          title="50 条/页"
        >
          <span>
            50 条/页
          </span>
        </li>
        
        
      </div>
    </div>
    <!---->
    <div
      class="t-pagination__btn t-pagination__btn-prev t-is-disabled"
      disabled="true"
    >
      <svg
        class="t-icon t-icon-chevron-left"
        fill="none"
        height="1em"
        viewBox="0 0 16 16"
        width="1em"
      >
        <path
          d="M9.54 3.54l.92.92L6.92 8l3.54 3.54-.92.92L5.08 8l4.46-4.46z"
          fill="currentColor"
          fill-opacity="0.9"
        />
      </svg>
    </div>
    <ul
      class="t-pagination__pager"
    >
      <li
        class="t-pagination__number t-is-current"
      >
        1
      </li>
      <!---->
      
      <li
        class="t-pagination__number"
      >
        2
      </li>
      <li
        class="t-pagination__number"
      >
        3
      </li>
      <li
        class="t-pagination__number"
      >
        4
      </li>
      <li
        class="t-pagination__number"
      >
        5
      </li>
      
      <li
        class="t-pagination__number t-pagination__number--more"
      >
        <svg
          class="t-icon t-icon-ellipsis"
          fill="none"
          height="1em"
          viewBox="0 0 16 16"
          width="1em"
        >
          <path
            d="M3 9a1 1 0 110-2 1 1 0 010 2zM7 8a1 1 0 102 0 1 1 0 00-2 0zM12 8a1 1 0 102 0 1 1 0 00-2 0z"
            fill="currentColor"
            fill-opacity="0.9"
          />
        </svg>
      </li>
      <li
        class="t-pagination__number"
      >
        20
      </li>
    </ul>
    <!---->
    <div
      class="t-pagination__btn t-pagination__btn-next"
      disabled="false"
    >
      <svg
        class="t-icon t-icon-chevron-right"
        fill="none"
        height="1em"
        viewBox="0 0 16 16"
        width="1em"
      >
        <path
          d="M6.46 12.46l-.92-.92L9.08 8 5.54 4.46l.92-.92L10.92 8l-4.46 4.46z"
          fill="currentColor"
          fill-opacity="0.9"
        />
      </svg>
    </div>
    <!---->
    <!---->
  </div>
  <br />
  <br />
  <!-- :pageSizeOptions="[]" 表示隐藏分页器选项 -->
  <!-- 非受控用法，代码有效，勿删。 -->
  <div
    class="t-pagination t-size-m"
  >
    <div
      class="t-pagination__total"
    >
      共 36 项数据
    </div>
    <div
      class="t-select__wrap t-pagination__select"
    >
      
      <div
        class="t-select t-select-polyfill t-size-m t-select__popup-reference"
      >
        <!---->
        <!---->
        <!---->
        <span
          class="t-tag t-tag--default t-tag--dark t-size-m"
          style="display: none;"
        >
          <!---->
          
          +0
          
          <!---->
        </span>
        <span
          class="t-select__single"
          title="10"
        >
          10
        </span>
        <!---->
        <svg
          class="t-fake-arrow t-select__right-icon t-select__right-icon-polyfill"
          fill="none"
          height="16"
          viewBox="0 0 16 16"
          width="16"
          xmlns="http://www.w3.org/2000/svg"
        >
          <path
            d="M3.75 5.7998L7.99274 10.0425L12.2361 5.79921"
            stroke="black"
            stroke-opacity="0.9"
            stroke-width="1.3"
          />
        </svg>
        <!---->
        <!---->
      </div>
      <!---->
      
      <div
        style="display: none;"
      >
        
        
        <li
          class="t-select-option t-size-m"
          title="5 条/页"
        >
          <span>
            5 条/页
          </span>
        </li>
        <li
          class="t-select-option t-is-selected t-size-m"
          title="10 条/页"
        >
          <span>
            10 条/页
          </span>
        </li>
        <li
          class="t-select-option t-size-m"
          title="20 条/页"
        >
          <span>
            20 条/页
          </span>
        </li>
        <li
          class="t-select-option t-size-m"
          title="50 条/页"
        >
          <span>
            50 条/页
          </span>
        </li>
        
        
      </div>
    </div>
    <div
      class="t-pagination__btn t-pagination__btn-prev"
      disabled="false"
    >
      <svg
        class="t-icon t-icon-page-first"
        fill="none"
        height="1em"
        viewBox="0 0 16 16"
        width="1em"
      >
        <path
          d="M12.4 4.46l-.91-.92L7.03 8l4.46 4.46.92-.92L8.86 8l3.55-3.54zM4.8 4v8h1.3V4H4.8z"
          fill="currentColor"
          fill-opacity="0.9"
        />
      </svg>
    </div>
    <div
      class="t-pagination__btn t-pagination__btn-prev"
      disabled="false"
    >
      <svg
        class="t-icon t-icon-chevron-left"
        fill="none"
        height="1em"
        viewBox="0 0 16 16"
        width="1em"
      >
        <path
          d="M9.54 3.54l.92.92L6.92 8l3.54 3.54-.92.92L5.08 8l4.46-4.46z"
          fill="currentColor"
          fill-opacity="0.9"
        />
      </svg>
    </div>
    <ul
      class="t-pagination__pager"
    >
      <!---->
      <!---->
      
      <li
        class="t-pagination__number"
      >
        1
      </li>
      <li
        class="t-pagination__number t-is-current"
      >
        2
      </li>
      <li
        class="t-pagination__number"
      >
        3
      </li>
      <li
        class="t-pagination__number"
      >
        4
      </li>
      
      <!---->
      <!---->
    </ul>
    <!---->
    <div
      class="t-pagination__btn t-pagination__btn-next"
      disabled="false"
    >
      <svg
        class="t-icon t-icon-chevron-right"
        fill="none"
        height="1em"
        viewBox="0 0 16 16"
        width="1em"
      >
        <path
          d="M6.46 12.46l-.92-.92L9.08 8 5.54 4.46l.92-.92L10.92 8l-4.46 4.46z"
          fill="currentColor"
          fill-opacity="0.9"
        />
      </svg>
    </div>
    <div
      class="t-pagination__btn t-pagination__btn-next"
      disabled="false"
    >
      <svg
        class="t-icon t-icon-page-last"
        fill="none"
        height="1em"
        viewBox="0 0 16 16"
        width="1em"
      >
        <path
          d="M3.6 11.54l.91.92L8.97 8 4.51 3.54l-.92.92L7.14 8l-3.55 3.54zm7.6.46V4H9.9v8h1.3z"
          fill="currentColor"
          fill-opacity="0.9"
        />
      </svg>
    </div>
    <!---->
  </div>
</div>
`;

exports[`Pagination Pagination jumpVue demo works fine 1`] = `
<div>
  <div
    class="t-pagination t-size-m"
  >
    <div
      class="t-pagination__total"
    >
      共 101 项数据
    </div>
    <div
      class="t-select__wrap t-pagination__select"
    >
      
      <div
        class="t-select t-select-polyfill t-size-m t-select__popup-reference"
      >
        <!---->
        <!---->
        <!---->
        <span
          class="t-tag t-tag--default t-tag--dark t-size-m"
          style="display: none;"
        >
          <!---->
          
          +0
          
          <!---->
        </span>
        <span
          class="t-select__single"
          title="20"
        >
          20
        </span>
        <!---->
        <svg
          class="t-fake-arrow t-select__right-icon t-select__right-icon-polyfill"
          fill="none"
          height="16"
          viewBox="0 0 16 16"
          width="16"
          xmlns="http://www.w3.org/2000/svg"
        >
          <path
            d="M3.75 5.7998L7.99274 10.0425L12.2361 5.79921"
            stroke="black"
            stroke-opacity="0.9"
            stroke-width="1.3"
          />
        </svg>
        <!---->
        <!---->
      </div>
      <!---->
      
      <div
        style="display: none;"
      >
        
        
        <li
          class="t-select-option t-size-m"
          title="5 条/页"
        >
          <span>
            5 条/页
          </span>
        </li>
        <li
          class="t-select-option t-size-m"
          title="10 条/页"
        >
          <span>
            10 条/页
          </span>
        </li>
        <li
          class="t-select-option t-is-selected t-size-m"
          title="20 条/页"
        >
          <span>
            20 条/页
          </span>
        </li>
        <li
          class="t-select-option t-size-m"
          title="50 条/页"
        >
          <span>
            50 条/页
          </span>
        </li>
        
        
      </div>
    </div>
    <!---->
    <div
      class="t-pagination__btn t-pagination__btn-prev t-is-disabled"
      disabled="true"
    >
      <svg
        class="t-icon t-icon-chevron-left"
        fill="none"
        height="1em"
        viewBox="0 0 16 16"
        width="1em"
      >
        <path
          d="M9.54 3.54l.92.92L6.92 8l3.54 3.54-.92.92L5.08 8l4.46-4.46z"
          fill="currentColor"
          fill-opacity="0.9"
        />
      </svg>
    </div>
    <ul
      class="t-pagination__pager"
    >
      <!---->
      <!---->
      
      <li
        class="t-pagination__number t-is-current"
      >
        1
      </li>
      <li
        class="t-pagination__number"
      >
        2
      </li>
      <li
        class="t-pagination__number"
      >
        3
      </li>
      <li
        class="t-pagination__number"
      >
        4
      </li>
      <li
        class="t-pagination__number"
      >
        5
      </li>
      <li
        class="t-pagination__number"
      >
        6
      </li>
      
      <!---->
      <!---->
    </ul>
    <!---->
    <div
      class="t-pagination__btn t-pagination__btn-next"
      disabled="false"
    >
      <svg
        class="t-icon t-icon-chevron-right"
        fill="none"
        height="1em"
        viewBox="0 0 16 16"
        width="1em"
      >
        <path
          d="M6.46 12.46l-.92-.92L9.08 8 5.54 4.46l.92-.92L10.92 8l-4.46 4.46z"
          fill="currentColor"
          fill-opacity="0.9"
        />
      </svg>
    </div>
    <!---->
    <div
      class="t-pagination__jump"
    >
      跳至
      <div
        class="t-input-number t-size-m t-input-number--normal t-pagination__input"
      >
        <!---->
        <div
          class="t-input__wrap"
          unselectable="off"
        >
          <div
            class="t-input"
          >
            <!---->
            <!---->
            <input
              class="t-input__inner"
              placeholder=""
              type="text"
            />
            <!---->
            <!---->
            <!---->
          </div>
          <!---->
        </div>
        <!---->
      </div>
      页
    </div>
  </div>
</div>
`;

exports[`Pagination Pagination miniVue demo works fine 1`] = `
<div>
  <div
    class="t-pagination t-size-s"
  >
    <div
      class="t-pagination__total"
    >
      共 100 项数据
    </div>
    <div
      class="t-select__wrap t-pagination__select"
    >
      
      <div
        class="t-select t-select-polyfill t-size-s t-select__popup-reference"
      >
        <!---->
        <!---->
        <!---->
        <span
          class="t-tag t-tag--default t-tag--dark t-size-s"
          style="display: none;"
        >
          <!---->
          
          +0
          
          <!---->
        </span>
        <span
          class="t-select__single"
          title="5"
        >
          5
        </span>
        <!---->
        <svg
          class="t-fake-arrow t-select__right-icon t-select__right-icon-polyfill"
          fill="none"
          height="16"
          viewBox="0 0 16 16"
          width="16"
          xmlns="http://www.w3.org/2000/svg"
        >
          <path
            d="M3.75 5.7998L7.99274 10.0425L12.2361 5.79921"
            stroke="black"
            stroke-opacity="0.9"
            stroke-width="1.3"
          />
        </svg>
        <!---->
        <!---->
      </div>
      <!---->
      
      <div
        style="display: none;"
      >
        
        
        <li
          class="t-select-option t-is-selected t-size-s"
          title="5 条/页"
        >
          <span>
            5 条/页
          </span>
        </li>
        <li
          class="t-select-option t-size-s"
          title="10 条/页"
        >
          <span>
            10 条/页
          </span>
        </li>
        <li
          class="t-select-option t-size-s"
          title="20 条/页"
        >
          <span>
            20 条/页
          </span>
        </li>
        <li
          class="t-select-option t-size-s"
          title="50 条/页"
        >
          <span>
            50 条/页
          </span>
        </li>
        
        
      </div>
    </div>
    <!---->
    <div
      class="t-pagination__btn t-pagination__btn-prev t-is-disabled"
      disabled="true"
    >
      <svg
        class="t-icon t-icon-chevron-left"
        fill="none"
        height="1em"
        viewBox="0 0 16 16"
        width="1em"
      >
        <path
          d="M9.54 3.54l.92.92L6.92 8l3.54 3.54-.92.92L5.08 8l4.46-4.46z"
          fill="currentColor"
          fill-opacity="0.9"
        />
      </svg>
    </div>
    <ul
      class="t-pagination__pager"
    >
      <li
        class="t-pagination__number t-is-current"
      >
        1
      </li>
      <!---->
      
      <li
        class="t-pagination__number"
      >
        2
      </li>
      <li
        class="t-pagination__number"
      >
        3
      </li>
      <li
        class="t-pagination__number"
      >
        4
      </li>
      <li
        class="t-pagination__number"
      >
        5
      </li>
      
      <li
        class="t-pagination__number t-pagination__number--more"
      >
        <svg
          class="t-icon t-icon-ellipsis"
          fill="none"
          height="1em"
          viewBox="0 0 16 16"
          width="1em"
        >
          <path
            d="M3 9a1 1 0 110-2 1 1 0 010 2zM7 8a1 1 0 102 0 1 1 0 00-2 0zM12 8a1 1 0 102 0 1 1 0 00-2 0z"
            fill="currentColor"
            fill-opacity="0.9"
          />
        </svg>
      </li>
      <li
        class="t-pagination__number"
      >
        20
      </li>
    </ul>
    <!---->
    <div
      class="t-pagination__btn t-pagination__btn-next"
      disabled="false"
    >
      <svg
        class="t-icon t-icon-chevron-right"
        fill="none"
        height="1em"
        viewBox="0 0 16 16"
        width="1em"
      >
        <path
          d="M6.46 12.46l-.92-.92L9.08 8 5.54 4.46l.92-.92L10.92 8l-4.46 4.46z"
          fill="currentColor"
          fill-opacity="0.9"
        />
      </svg>
    </div>
    <!---->
    <!---->
  </div>
</div>
`;

exports[`Pagination Pagination moreVue demo works fine 1`] = `
<div>
  <div
    class="t-pagination t-size-m"
  >
    <div
      class="t-pagination__total"
    >
      共 100 项数据
    </div>
    <div
      class="t-select__wrap t-pagination__select"
    >
      
      <div
        class="t-select t-select-polyfill t-size-m t-select__popup-reference"
      >
        <!---->
        <!---->
        <!---->
        <span
          class="t-tag t-tag--default t-tag--dark t-size-m"
          style="display: none;"
        >
          <!---->
          
          +0
          
          <!---->
        </span>
        <span
          class="t-select__single"
          title="5"
        >
          5
        </span>
        <!---->
        <svg
          class="t-fake-arrow t-select__right-icon t-select__right-icon-polyfill"
          fill="none"
          height="16"
          viewBox="0 0 16 16"
          width="16"
          xmlns="http://www.w3.org/2000/svg"
        >
          <path
            d="M3.75 5.7998L7.99274 10.0425L12.2361 5.79921"
            stroke="black"
            stroke-opacity="0.9"
            stroke-width="1.3"
          />
        </svg>
        <!---->
        <!---->
      </div>
      <!---->
      
      <div
        style="display: none;"
      >
        
        
        <li
          class="t-select-option t-is-selected t-size-m"
          title="5 条/页"
        >
          <span>
            5 条/页
          </span>
        </li>
        <li
          class="t-select-option t-size-m"
          title="10 条/页"
        >
          <span>
            10 条/页
          </span>
        </li>
        <li
          class="t-select-option t-size-m"
          title="20 条/页"
        >
          <span>
            20 条/页
          </span>
        </li>
        <li
          class="t-select-option t-size-m"
          title="50 条/页"
        >
          <span>
            50 条/页
          </span>
        </li>
        
        
      </div>
    </div>
    <!---->
    <div
      class="t-pagination__btn t-pagination__btn-prev"
      disabled="false"
    >
      <svg
        class="t-icon t-icon-chevron-left"
        fill="none"
        height="1em"
        viewBox="0 0 16 16"
        width="1em"
      >
        <path
          d="M9.54 3.54l.92.92L6.92 8l3.54 3.54-.92.92L5.08 8l4.46-4.46z"
          fill="currentColor"
          fill-opacity="0.9"
        />
      </svg>
    </div>
    <ul
      class="t-pagination__pager"
    >
      <li
        class="t-pagination__number"
      >
        1
      </li>
      <li
        class="t-pagination__number t-pagination__number--more"
      >
        <svg
          class="t-icon t-icon-ellipsis"
          fill="none"
          height="1em"
          viewBox="0 0 16 16"
          width="1em"
        >
          <path
            d="M3 9a1 1 0 110-2 1 1 0 010 2zM7 8a1 1 0 102 0 1 1 0 00-2 0zM12 8a1 1 0 102 0 1 1 0 00-2 0z"
            fill="currentColor"
            fill-opacity="0.9"
          />
        </svg>
      </li>
      
      <li
        class="t-pagination__number"
      >
        10
      </li>
      <li
        class="t-pagination__number"
      >
        11
      </li>
      <li
        class="t-pagination__number t-is-current"
      >
        12
      </li>
      <li
        class="t-pagination__number"
      >
        13
      </li>
      <li
        class="t-pagination__number"
      >
        14
      </li>
      
      <li
        class="t-pagination__number t-pagination__number--more"
      >
        <svg
          class="t-icon t-icon-ellipsis"
          fill="none"
          height="1em"
          viewBox="0 0 16 16"
          width="1em"
        >
          <path
            d="M3 9a1 1 0 110-2 1 1 0 010 2zM7 8a1 1 0 102 0 1 1 0 00-2 0zM12 8a1 1 0 102 0 1 1 0 00-2 0z"
            fill="currentColor"
            fill-opacity="0.9"
          />
        </svg>
      </li>
      <li
        class="t-pagination__number"
      >
        20
      </li>
    </ul>
    <!---->
    <div
      class="t-pagination__btn t-pagination__btn-next"
      disabled="false"
    >
      <svg
        class="t-icon t-icon-chevron-right"
        fill="none"
        height="1em"
        viewBox="0 0 16 16"
        width="1em"
      >
        <path
          d="M6.46 12.46l-.92-.92L9.08 8 5.54 4.46l.92-.92L10.92 8l-4.46 4.46z"
          fill="currentColor"
          fill-opacity="0.9"
        />
      </svg>
    </div>
    <!---->
    <!---->
  </div>
</div>
`;

exports[`Pagination Pagination pageNumVue demo works fine 1`] = `
<div>
  <div
    class="t-pagination t-size-m"
    show-sizer=""
  >
    <div
      class="t-pagination__total"
    >
      共 645 项数据
    </div>
    <div
      class="t-select__wrap t-pagination__select"
    >
      
      <div
        class="t-select t-select-polyfill t-size-m t-select__popup-reference"
      >
        <!---->
        <!---->
        <!---->
        <span
          class="t-tag t-tag--default t-tag--dark t-size-m"
          style="display: none;"
        >
          <!---->
          
          +0
          
          <!---->
        </span>
        <span
          class="t-select__single"
          title="30"
        >
          30
        </span>
        <!---->
        <svg
          class="t-fake-arrow t-select__right-icon t-select__right-icon-polyfill"
          fill="none"
          height="16"
          viewBox="0 0 16 16"
          width="16"
          xmlns="http://www.w3.org/2000/svg"
        >
          <path
            d="M3.75 5.7998L7.99274 10.0425L12.2361 5.79921"
            stroke="black"
            stroke-opacity="0.9"
            stroke-width="1.3"
          />
        </svg>
        <!---->
        <!---->
      </div>
      <!---->
      
      <div
        style="display: none;"
      >
        
        
        <li
          class="t-select-option t-size-m"
          title="每页 10 条"
        >
          <span>
            每页 10 条
          </span>
        </li>
        <li
          class="t-select-option t-is-selected t-size-m"
          title="每页 30 条"
        >
          <span>
            每页 30 条
          </span>
        </li>
        <li
          class="t-select-option t-size-m"
          title="每页 50 条"
        >
          <span>
            每页 50 条
          </span>
        </li>
        <li
          class="t-select-option t-size-m"
          title="每页 100 条"
        >
          <span>
            每页 100 条
          </span>
        </li>
        
        
      </div>
    </div>
    <!---->
    <div
      class="t-pagination__btn t-pagination__btn-prev t-is-disabled"
      disabled="true"
    >
      <svg
        class="t-icon t-icon-chevron-left"
        fill="none"
        height="1em"
        viewBox="0 0 16 16"
        width="1em"
      >
        <path
          d="M9.54 3.54l.92.92L6.92 8l3.54 3.54-.92.92L5.08 8l4.46-4.46z"
          fill="currentColor"
          fill-opacity="0.9"
        />
      </svg>
    </div>
    <ul
      class="t-pagination__pager"
    >
      <li
        class="t-pagination__number t-is-current"
      >
        1
      </li>
      <!---->
      
      <li
        class="t-pagination__number"
      >
        2
      </li>
      <li
        class="t-pagination__number"
      >
        3
      </li>
      <li
        class="t-pagination__number"
      >
        4
      </li>
      <li
        class="t-pagination__number"
      >
        5
      </li>
      
      <li
        class="t-pagination__number t-pagination__number--more"
      >
        <svg
          class="t-icon t-icon-ellipsis"
          fill="none"
          height="1em"
          viewBox="0 0 16 16"
          width="1em"
        >
          <path
            d="M3 9a1 1 0 110-2 1 1 0 010 2zM7 8a1 1 0 102 0 1 1 0 00-2 0zM12 8a1 1 0 102 0 1 1 0 00-2 0z"
            fill="currentColor"
            fill-opacity="0.9"
          />
        </svg>
      </li>
      <li
        class="t-pagination__number"
      >
        22
      </li>
    </ul>
    <!---->
    <div
      class="t-pagination__btn t-pagination__btn-next"
      disabled="false"
    >
      <svg
        class="t-icon t-icon-chevron-right"
        fill="none"
        height="1em"
        viewBox="0 0 16 16"
        width="1em"
      >
        <path
          d="M6.46 12.46l-.92-.92L9.08 8 5.54 4.46l.92-.92L10.92 8l-4.46 4.46z"
          fill="currentColor"
          fill-opacity="0.9"
        />
      </svg>
    </div>
    <!---->
    <!---->
  </div>
</div>
`;

exports[`Pagination Pagination simpleMiniVue demo works fine 1`] = `
<div>
  <div
    class="t-pagination t-size-s"
  >
    <div
      class="t-pagination__total"
    >
      共 100 项数据
    </div>
    <div
      class="t-select__wrap t-pagination__select"
    >
      
      <div
        class="t-select t-select-polyfill t-size-s t-select__popup-reference"
      >
        <!---->
        <!---->
        <!---->
        <span
          class="t-tag t-tag--default t-tag--dark t-size-s"
          style="display: none;"
        >
          <!---->
          
          +0
          
          <!---->
        </span>
        <span
          class="t-select__single"
          title="5"
        >
          5
        </span>
        <!---->
        <svg
          class="t-fake-arrow t-select__right-icon t-select__right-icon-polyfill"
          fill="none"
          height="16"
          viewBox="0 0 16 16"
          width="16"
          xmlns="http://www.w3.org/2000/svg"
        >
          <path
            d="M3.75 5.7998L7.99274 10.0425L12.2361 5.79921"
            stroke="black"
            stroke-opacity="0.9"
            stroke-width="1.3"
          />
        </svg>
        <!---->
        <!---->
      </div>
      <!---->
      
      <div
        style="display: none;"
      >
        
        
        <li
          class="t-select-option t-is-selected t-size-s"
          title="5 条/页"
        >
          <span>
            5 条/页
          </span>
        </li>
        <li
          class="t-select-option t-size-s"
          title="10 条/页"
        >
          <span>
            10 条/页
          </span>
        </li>
        <li
          class="t-select-option t-size-s"
          title="20 条/页"
        >
          <span>
            20 条/页
          </span>
        </li>
        <li
          class="t-select-option t-size-s"
          title="50 条/页"
        >
          <span>
            50 条/页
          </span>
        </li>
        
        
      </div>
    </div>
    <!---->
    <div
      class="t-pagination__btn t-pagination__btn-prev t-is-disabled"
      disabled="true"
    >
      <svg
        class="t-icon t-icon-chevron-left"
        fill="none"
        height="1em"
        viewBox="0 0 16 16"
        width="1em"
      >
        <path
          d="M9.54 3.54l.92.92L6.92 8l3.54 3.54-.92.92L5.08 8l4.46-4.46z"
          fill="currentColor"
          fill-opacity="0.9"
        />
      </svg>
    </div>
    <!---->
    <div
      class="t-select__wrap t-pagination__select"
    >
      
      <div
        class="t-select t-select-polyfill t-size-s t-select__popup-reference"
      >
        <!---->
        <!---->
        <!---->
        <span
          class="t-tag t-tag--default t-tag--dark t-size-s"
          style="display: none;"
        >
          <!---->
          
          +0
          
          <!---->
        </span>
        <span
          class="t-select__single"
          title="1/20"
        >
          1/20
        </span>
        <!---->
        <svg
          class="t-fake-arrow t-select__right-icon t-select__right-icon-polyfill"
          fill="none"
          height="16"
          viewBox="0 0 16 16"
          width="16"
          xmlns="http://www.w3.org/2000/svg"
        >
          <path
            d="M3.75 5.7998L7.99274 10.0425L12.2361 5.79921"
            stroke="black"
            stroke-opacity="0.9"
            stroke-width="1.3"
          />
        </svg>
        <!---->
        <!---->
      </div>
      <!---->
      
      <!---->
    </div>
    <div
      class="t-pagination__btn t-pagination__btn-next"
      disabled="false"
    >
      <svg
        class="t-icon t-icon-chevron-right"
        fill="none"
        height="1em"
        viewBox="0 0 16 16"
        width="1em"
      >
        <path
          d="M6.46 12.46l-.92-.92L9.08 8 5.54 4.46l.92-.92L10.92 8l-4.46 4.46z"
          fill="currentColor"
          fill-opacity="0.9"
        />
      </svg>
    </div>
    <!---->
    <!---->
  </div>
</div>
`;

exports[`Pagination Pagination simpleVue demo works fine 1`] = `
<div>
  <div
    class="t-pagination t-size-m"
  >
    <div
      class="t-pagination__total"
    >
      共 100 项数据
    </div>
    <div
      class="t-select__wrap t-pagination__select"
    >
      
      <div
        class="t-select t-select-polyfill t-size-m t-select__popup-reference"
      >
        <!---->
        <!---->
        <!---->
        <span
          class="t-tag t-tag--default t-tag--dark t-size-m"
          style="display: none;"
        >
          <!---->
          
          +0
          
          <!---->
        </span>
        <span
          class="t-select__single"
          title="5"
        >
          5
        </span>
        <!---->
        <svg
          class="t-fake-arrow t-select__right-icon t-select__right-icon-polyfill"
          fill="none"
          height="16"
          viewBox="0 0 16 16"
          width="16"
          xmlns="http://www.w3.org/2000/svg"
        >
          <path
            d="M3.75 5.7998L7.99274 10.0425L12.2361 5.79921"
            stroke="black"
            stroke-opacity="0.9"
            stroke-width="1.3"
          />
        </svg>
        <!---->
        <!---->
      </div>
      <!---->
      
      <div
        style="display: none;"
      >
        
        
        <li
          class="t-select-option t-is-selected t-size-m"
          title="5 条/页"
        >
          <span>
            5 条/页
          </span>
        </li>
        <li
          class="t-select-option t-size-m"
          title="10 条/页"
        >
          <span>
            10 条/页
          </span>
        </li>
        <li
          class="t-select-option t-size-m"
          title="20 条/页"
        >
          <span>
            20 条/页
          </span>
        </li>
        <li
          class="t-select-option t-size-m"
          title="50 条/页"
        >
          <span>
            50 条/页
          </span>
        </li>
        
        
      </div>
    </div>
    <!---->
    <div
      class="t-pagination__btn t-pagination__btn-prev t-is-disabled"
      disabled="true"
    >
      <svg
        class="t-icon t-icon-chevron-left"
        fill="none"
        height="1em"
        viewBox="0 0 16 16"
        width="1em"
      >
        <path
          d="M9.54 3.54l.92.92L6.92 8l3.54 3.54-.92.92L5.08 8l4.46-4.46z"
          fill="currentColor"
          fill-opacity="0.9"
        />
      </svg>
    </div>
    <!---->
    <div
      class="t-select__wrap t-pagination__select"
    >
      
      <div
        class="t-select t-select-polyfill t-size-m t-select__popup-reference"
      >
        <!---->
        <!---->
        <!---->
        <span
          class="t-tag t-tag--default t-tag--dark t-size-m"
          style="display: none;"
        >
          <!---->
          
          +0
          
          <!---->
        </span>
        <span
          class="t-select__single"
          title="1/20"
        >
          1/20
        </span>
        <!---->
        <svg
          class="t-fake-arrow t-select__right-icon t-select__right-icon-polyfill"
          fill="none"
          height="16"
          viewBox="0 0 16 16"
          width="16"
          xmlns="http://www.w3.org/2000/svg"
        >
          <path
            d="M3.75 5.7998L7.99274 10.0425L12.2361 5.79921"
            stroke="black"
            stroke-opacity="0.9"
            stroke-width="1.3"
          />
        </svg>
        <!---->
        <!---->
      </div>
      <!---->
      
      <!---->
    </div>
    <div
      class="t-pagination__btn t-pagination__btn-next"
      disabled="false"
    >
      <svg
        class="t-icon t-icon-chevron-right"
        fill="none"
        height="1em"
        viewBox="0 0 16 16"
        width="1em"
      >
        <path
          d="M6.46 12.46l-.92-.92L9.08 8 5.54 4.46l.92-.92L10.92 8l-4.46 4.46z"
          fill="currentColor"
          fill-opacity="0.9"
        />
      </svg>
    </div>
    <!---->
    <!---->
  </div>
</div>
`;

exports[`Pagination Pagination totalVue demo works fine 1`] = `
<div>
  <div
    class="t-pagination t-size-m"
  >
    <div
      class="t-pagination__total"
    >
      共 685 项数据
    </div>
    <div
      class="t-select__wrap t-pagination__select"
    >
      
      <div
        class="t-select t-select-polyfill t-size-m t-select__popup-reference"
      >
        <!---->
        <!---->
        <!---->
        <span
          class="t-tag t-tag--default t-tag--dark t-size-m"
          style="display: none;"
        >
          <!---->
          
          +0
          
          <!---->
        </span>
        <span
          class="t-select__single"
          title="10"
        >
          10
        </span>
        <!---->
        <svg
          class="t-fake-arrow t-select__right-icon t-select__right-icon-polyfill"
          fill="none"
          height="16"
          viewBox="0 0 16 16"
          width="16"
          xmlns="http://www.w3.org/2000/svg"
        >
          <path
            d="M3.75 5.7998L7.99274 10.0425L12.2361 5.79921"
            stroke="black"
            stroke-opacity="0.9"
            stroke-width="1.3"
          />
        </svg>
        <!---->
        <!---->
      </div>
      <!---->
      
      <div
        style="display: none;"
      >
        
        
        <li
          class="t-select-option t-size-m"
          title="5 条/页"
        >
          <span>
            5 条/页
          </span>
        </li>
        <li
          class="t-select-option t-is-selected t-size-m"
          title="10 条/页"
        >
          <span>
            10 条/页
          </span>
        </li>
        <li
          class="t-select-option t-size-m"
          title="20 条/页"
        >
          <span>
            20 条/页
          </span>
        </li>
        <li
          class="t-select-option t-size-m"
          title="50 条/页"
        >
          <span>
            50 条/页
          </span>
        </li>
        
        
      </div>
    </div>
    <!---->
    <div
      class="t-pagination__btn t-pagination__btn-prev"
      disabled="false"
    >
      <svg
        class="t-icon t-icon-chevron-left"
        fill="none"
        height="1em"
        viewBox="0 0 16 16"
        width="1em"
      >
        <path
          d="M9.54 3.54l.92.92L6.92 8l3.54 3.54-.92.92L5.08 8l4.46-4.46z"
          fill="currentColor"
          fill-opacity="0.9"
        />
      </svg>
    </div>
    <ul
      class="t-pagination__pager"
    >
      <li
        class="t-pagination__number"
      >
        1
      </li>
      <li
        class="t-pagination__number t-pagination__number--more"
      >
        <svg
          class="t-icon t-icon-ellipsis"
          fill="none"
          height="1em"
          viewBox="0 0 16 16"
          width="1em"
        >
          <path
            d="M3 9a1 1 0 110-2 1 1 0 010 2zM7 8a1 1 0 102 0 1 1 0 00-2 0zM12 8a1 1 0 102 0 1 1 0 00-2 0z"
            fill="currentColor"
            fill-opacity="0.9"
          />
        </svg>
      </li>
      
      <li
        class="t-pagination__number"
      >
        10
      </li>
      <li
        class="t-pagination__number"
      >
        11
      </li>
      <li
        class="t-pagination__number t-is-current"
      >
        12
      </li>
      <li
        class="t-pagination__number"
      >
        13
      </li>
      <li
        class="t-pagination__number"
      >
        14
      </li>
      
      <li
        class="t-pagination__number t-pagination__number--more"
      >
        <svg
          class="t-icon t-icon-ellipsis"
          fill="none"
          height="1em"
          viewBox="0 0 16 16"
          width="1em"
        >
          <path
            d="M3 9a1 1 0 110-2 1 1 0 010 2zM7 8a1 1 0 102 0 1 1 0 00-2 0zM12 8a1 1 0 102 0 1 1 0 00-2 0z"
            fill="currentColor"
            fill-opacity="0.9"
          />
        </svg>
      </li>
      <li
        class="t-pagination__number"
      >
        69
      </li>
    </ul>
    <!---->
    <div
      class="t-pagination__btn t-pagination__btn-next"
      disabled="false"
    >
      <svg
        class="t-icon t-icon-chevron-right"
        fill="none"
        height="1em"
        viewBox="0 0 16 16"
        width="1em"
      >
        <path
          d="M6.46 12.46l-.92-.92L9.08 8 5.54 4.46l.92-.92L10.92 8l-4.46 4.46z"
          fill="currentColor"
          fill-opacity="0.9"
        />
      </svg>
    </div>
    <!---->
    <!---->
  </div>
</div>
`;
