// Jest Snapshot v1, https://goo.gl/fbAQLP

exports[`Tabs :props :addable 1`] = `
<div
  class="t-tabs"
>
  
  <div
    class="t-tabs__header t-is-top"
  >
    <div
      class="t-tabs__nav"
      style="min-height: 48px;"
    >
      
      <div
        class="t-tabs__operations t-tabs__operations--left"
      >
        <transition-stub>
          <!---->
        </transition-stub>
      </div>
      <div
        class="t-tabs__operations t-tabs__operations--right"
      >
        <transition-stub>
          <!---->
        </transition-stub>
        <!---->
      </div>
      
      <div
        class="t-tabs__nav-container t-is-top"
      >
        <div
          class="t-tabs__nav-scroll"
        >
          <div
            class="t-tabs__nav-wrap t-is-smooth"
            style="transform: translate3d(0px, 0, 0);"
          >
            <div
              class="t-tabs__bar t-is-top"
            />
            
            
          </div>
        </div>
      </div>
    </div>
  </div>
  <!---->
  
</div>
`;

exports[`Tabs :props :defaultValue 1`] = `
<div
  class="t-tabs"
>
  
  <div
    class="t-tabs__header t-is-top"
  >
    <div
      class="t-tabs__nav"
    >
      
      <div
        class="t-tabs__operations t-tabs__operations--left"
      >
        <transition-stub>
          <!---->
        </transition-stub>
      </div>
      <div
        class="t-tabs__operations t-tabs__operations--right"
      >
        <transition-stub>
          <!---->
        </transition-stub>
        <!---->
      </div>
      
      <div
        class="t-tabs__nav-container t-is-top"
      >
        <div
          class="t-tabs__nav-scroll"
        >
          <div
            class="t-tabs__nav-wrap t-is-smooth"
            style="transform: translate3d(0px, 0, 0);"
          >
            <div
              class="t-tabs__bar t-is-top"
            />
            
            
          </div>
        </div>
      </div>
    </div>
  </div>
  <!---->
  
</div>
`;

exports[`Tabs :props :disabled 1`] = `
<div
  class="t-tabs"
>
  
  <div
    class="t-tabs__header t-is-top"
  >
    <div
      class="t-tabs__nav"
    >
      
      <div
        class="t-tabs__operations t-tabs__operations--left"
      >
        <transition-stub>
          <!---->
        </transition-stub>
      </div>
      <div
        class="t-tabs__operations t-tabs__operations--right"
      >
        <transition-stub>
          <!---->
        </transition-stub>
        <!---->
      </div>
      
      <div
        class="t-tabs__nav-container t-is-top"
      >
        <div
          class="t-tabs__nav-scroll"
        >
          <div
            class="t-tabs__nav-wrap t-is-smooth"
            style="transform: translate3d(0px, 0, 0);"
          >
            <div
              class="t-tabs__bar t-is-top"
            />
            
            
          </div>
        </div>
      </div>
    </div>
  </div>
  <!---->
  
</div>
`;

exports[`Tabs :props :placement 1`] = `
<div
  class="t-tabs"
>
  
  <div
    class="t-tabs__header t-is-left"
  >
    <div
      class="t-tabs__nav"
    >
      
      <div
        class="t-tabs__operations t-tabs__operations--left"
      >
        <transition-stub>
          <!---->
        </transition-stub>
      </div>
      <div
        class="t-tabs__operations t-tabs__operations--right"
      >
        <transition-stub>
          <!---->
        </transition-stub>
        <!---->
      </div>
      
      <div
        class="t-tabs__nav-container t-is-left"
      >
        <div
          class="t-tabs__nav-scroll"
        >
          <div
            class="t-tabs__nav-wrap t-is-smooth t-is-vertical"
          >
            <div
              class="t-tabs__bar t-is-left"
            />
            
            
          </div>
        </div>
      </div>
    </div>
  </div>
  <!---->
  
</div>
`;

exports[`Tabs :props :size 1`] = `
<div
  class="t-tabs"
>
  
  <div
    class="t-tabs__header t-is-top"
  >
    <div
      class="t-tabs__nav"
    >
      
      <div
        class="t-tabs__operations t-tabs__operations--left"
      >
        <transition-stub>
          <!---->
        </transition-stub>
      </div>
      <div
        class="t-tabs__operations t-tabs__operations--right"
      >
        <transition-stub>
          <!---->
        </transition-stub>
        <!---->
      </div>
      
      <div
        class="t-tabs__nav-container t-is-top"
      >
        <div
          class="t-tabs__nav-scroll"
        >
          <div
            class="t-tabs__nav-wrap t-is-smooth"
            style="transform: translate3d(0px, 0, 0);"
          >
            <div
              class="t-tabs__bar t-is-top"
            />
            
            
          </div>
        </div>
      </div>
    </div>
  </div>
  <!---->
  
</div>
`;

exports[`Tabs :props :theme 1`] = `
<div
  class="t-tabs"
>
  
  <div
    class="t-tabs__header t-is-top"
  >
    <div
      class="t-tabs__nav"
    >
      
      <div
        class="t-tabs__operations t-tabs__operations--left"
      >
        <transition-stub>
          <!---->
        </transition-stub>
      </div>
      <div
        class="t-tabs__operations t-tabs__operations--right"
      >
        <transition-stub>
          <!---->
        </transition-stub>
        <!---->
      </div>
      
      <div
        class="t-tabs__nav-container t-tabs__nav--card t-is-top"
      >
        <div
          class="t-tabs__nav-scroll"
        >
          <div
            class="t-tabs__nav-wrap t-is-smooth"
            style="transform: translate3d(0px, 0, 0);"
          >
            <!---->
            
            
          </div>
        </div>
      </div>
    </div>
  </div>
  <!---->
  
</div>
`;

exports[`Tabs :props :value 1`] = `
<div
  class="t-tabs"
>
  
  <div
    class="t-tabs__header t-is-top"
  >
    <div
      class="t-tabs__nav"
    >
      
      <div
        class="t-tabs__operations t-tabs__operations--left"
      >
        <transition-stub>
          <!---->
        </transition-stub>
      </div>
      <div
        class="t-tabs__operations t-tabs__operations--right"
      >
        <transition-stub>
          <!---->
        </transition-stub>
        <!---->
      </div>
      
      <div
        class="t-tabs__nav-container t-is-top"
      >
        <div
          class="t-tabs__nav-scroll"
        >
          <div
            class="t-tabs__nav-wrap t-is-smooth"
            style="transform: translate3d(0px, 0, 0);"
          >
            <div
              class="t-tabs__bar t-is-top"
            />
            
            
          </div>
        </div>
      </div>
    </div>
  </div>
  <!---->
  
</div>
`;
