// Vitest Snapshot v1

exports[`Tag or CheckTag > @event: Tag > Event passthrough: close 1`] = `
<div
  class="t-tag t-tag--default t-tag--dark t-tag--close"
>
  <!---->
  <!---->
  <svg
    class="t-icon t-icon-close t-tag__icon-close"
    fill="none"
    height="1em"
    viewBox="0 0 24 24"
    width="1em"
  >
    <path
      d="M7.05 5.64L12 10.59l4.95-4.95 1.41 1.41L13.41 12l4.95 4.95-1.41 1.41L12 13.41l-4.95 4.95-1.41-1.41L10.59 12 5.64 7.05l1.41-1.41z"
      fill="currentColor"
    />
  </svg>
</div>
`;
